Component: ARM Compiler 5.06 update 6 (build 750) Tool: armlink [4d35ed]

==============================================================================

Section Cross References

    startup_stm32f407xx.o(STACK) refers (Special) to heapauxi.o(.text) for __use_two_region_memory
    startup_stm32f407xx.o(HEAP) refers (Special) to heapauxi.o(.text) for __use_two_region_memory
    startup_stm32f407xx.o(RESET) refers (Special) to heapauxi.o(.text) for __use_two_region_memory
    startup_stm32f407xx.o(RESET) refers to startup_stm32f407xx.o(STACK) for __initial_sp
    startup_stm32f407xx.o(RESET) refers to startup_stm32f407xx.o(.text) for Reset_Handler
    startup_stm32f407xx.o(RESET) refers to stm32f4xx_it.o(i.NMI_Handler) for NMI_Handler
    startup_stm32f407xx.o(RESET) refers to stm32f4xx_it.o(i.HardFault_Handler) for HardFault_Handler
    startup_stm32f407xx.o(RESET) refers to stm32f4xx_it.o(i.MemManage_Handler) for MemManage_Handler
    startup_stm32f407xx.o(RESET) refers to stm32f4xx_it.o(i.BusFault_Handler) for BusFault_Handler
    startup_stm32f407xx.o(RESET) refers to stm32f4xx_it.o(i.UsageFault_Handler) for UsageFault_Handler
    startup_stm32f407xx.o(RESET) refers to port.o(.emb_text) for SVC_Handler
    startup_stm32f407xx.o(RESET) refers to stm32f4xx_it.o(i.DebugMon_Handler) for DebugMon_Handler
    startup_stm32f407xx.o(RESET) refers to cmsis_os2.o(i.SysTick_Handler) for SysTick_Handler
    startup_stm32f407xx.o(RESET) refers to stm32f4xx_it.o(i.DMA1_Stream5_IRQHandler) for DMA1_Stream5_IRQHandler
    startup_stm32f407xx.o(RESET) refers to stm32f4xx_it.o(i.CAN1_RX0_IRQHandler) for CAN1_RX0_IRQHandler
    startup_stm32f407xx.o(RESET) refers to stm32f4xx_it.o(i.USART1_IRQHandler) for USART1_IRQHandler
    startup_stm32f407xx.o(RESET) refers to stm32f4xx_it.o(i.USART2_IRQHandler) for USART2_IRQHandler
    startup_stm32f407xx.o(RESET) refers to stm32f4xx_it.o(i.USART3_IRQHandler) for USART3_IRQHandler
    startup_stm32f407xx.o(RESET) refers to stm32f4xx_it.o(i.UART4_IRQHandler) for UART4_IRQHandler
    startup_stm32f407xx.o(RESET) refers to stm32f4xx_it.o(i.TIM7_IRQHandler) for TIM7_IRQHandler
    startup_stm32f407xx.o(RESET) refers to stm32f4xx_it.o(i.DMA2_Stream1_IRQHandler) for DMA2_Stream1_IRQHandler
    startup_stm32f407xx.o(RESET) refers to stm32f4xx_it.o(i.DMA2_Stream2_IRQHandler) for DMA2_Stream2_IRQHandler
    startup_stm32f407xx.o(RESET) refers to stm32f4xx_it.o(i.CAN2_RX0_IRQHandler) for CAN2_RX0_IRQHandler
    startup_stm32f407xx.o(RESET) refers to stm32f4xx_it.o(i.OTG_FS_IRQHandler) for OTG_FS_IRQHandler
    startup_stm32f407xx.o(RESET) refers to stm32f4xx_it.o(i.USART6_IRQHandler) for USART6_IRQHandler
    startup_stm32f407xx.o(.text) refers (Special) to heapauxi.o(.text) for __use_two_region_memory
    startup_stm32f407xx.o(.text) refers to system_stm32f4xx.o(i.SystemInit) for SystemInit
    startup_stm32f407xx.o(.text) refers to __main.o(!!!main) for __main
    startup_stm32f407xx.o(.text) refers to startup_stm32f407xx.o(HEAP) for Heap_Mem
    startup_stm32f407xx.o(.text) refers to startup_stm32f407xx.o(STACK) for Stack_Mem
    base64.o(i.base64_encode) refers to base64.o(.constdata) for base64_enc_map
    main.o(i.Azimuth_Calculating) refers to dmul.o(x$fpl$dmul) for __aeabi_dmul
    main.o(i.Azimuth_Calculating) refers to daddsub_clz.o(x$fpl$dsub) for __aeabi_dsub
    main.o(i.Azimuth_Calculating) refers to fabs.o(i.__hardfp_fabs) for __hardfp_fabs
    main.o(i.Azimuth_Calculating) refers to dleqf.o(x$fpl$dleqf) for __aeabi_cdcmple
    main.o(i.Azimuth_Calculating) refers to daddsub_clz.o(x$fpl$dadd) for __aeabi_dadd
    main.o(i.Azimuth_Calculating) refers to drleqf.o(x$fpl$drleqf) for __aeabi_cdrcmple
    main.o(i.Azimuth_Calculating) refers to ddiv.o(x$fpl$ddiv) for __aeabi_ddiv
    main.o(i.Azimuth_Calculating) refers to daddsub_clz.o(x$fpl$drsb) for __aeabi_drsub
    main.o(i.Azimuth_Calculating) refers to sqrt.o(i.__hardfp_sqrt) for __hardfp_sqrt
    main.o(i.Azimuth_Calculating) refers to sin.o(i.__hardfp_sin) for __hardfp_sin
    main.o(i.Azimuth_Calculating) refers to pow.o(i.__hardfp_pow) for __hardfp_pow
    main.o(i.Azimuth_Calculating) refers to tan.o(i.__hardfp_tan) for __hardfp_tan
    main.o(i.Azimuth_Calculating) refers to log.o(i.__hardfp_log) for __hardfp_log
    main.o(i.Azimuth_Calculating) refers to atan2.o(i.__hardfp_atan2) for __hardfp_atan2
    main.o(i.Azimuth_Calculating) refers to main.o(.data) for latitude1_rad
    main.o(i.CAN_Send) refers to stm32f4xx_hal_can.o(i.HAL_CAN_AddTxMessage) for HAL_CAN_AddTxMessage
    main.o(i.CAN_Send) refers to cmsis_os2.o(i.osDelay) for osDelay
    main.o(i.CAN_Send) refers to main.o(.bss) for hcan1
    main.o(i.CAN_Send) refers to main.o(.data) for CAN1_TxData
    main.o(i.Error_Handler) refers to stm32f4xx_hal_gpio.o(i.HAL_GPIO_TogglePin) for HAL_GPIO_TogglePin
    main.o(i.Error_Handler) refers to stm32f4xx_hal.o(i.HAL_Delay) for HAL_Delay
    main.o(i.GET_CONFIRM_MSG) refers to main.o(i.crc8) for crc8
[...]
    __fpl_dnaninf                            0x0800da55   Thumb Code   156  dnaninf.o(x$fpl$dnaninf)
    __fpl_dretinf                            0x0800daf1   Thumb Code    12  dretinf.o(x$fpl$dretinf)
    __aeabi_cdrcmple                         0x0800dafd   Thumb Code     0  drleqf.o(x$fpl$drleqf)
    _drcmple                                 0x0800dafd   Thumb Code   108  drleqf.o(x$fpl$drleqf)
    __aeabi_drsub                            0x0800db69   Thumb Code     0  daddsub_clz.o(x$fpl$drsb)
    _drsb                                    0x0800db69   Thumb Code    22  daddsub_clz.o(x$fpl$drsb)
    _dsqrt                                   0x0800db81   Thumb Code   404  dsqrt_umaal.o(x$fpl$dsqrt)
    __aeabi_dsub                             0x0800dd19   Thumb Code     0  daddsub_clz.o(x$fpl$dsub)
    _dsub                                    0x0800dd19   Thumb Code   464  daddsub_clz.o(x$fpl$dsub)
    __fpl_fnaninf                            0x0800deed   Thumb Code   140  fnaninf.o(x$fpl$fnaninf)
    _fp_init                                 0x0800df79   Thumb Code    10  fpinit.o(x$fpl$fpinit)
    __fplib_config_fpu_vfp                   0x0800df81   Thumb Code     0  fpinit.o(x$fpl$fpinit)
    __fplib_config_pureend_doubles           0x0800df81   Thumb Code     0  fpinit.o(x$fpl$fpinit)
    __fpl_fretinf                            0x0800df83   Thumb Code    10  fretinf.o(x$fpl$fretinf)
    _frnd                                    0x0800df8d   Thumb Code    96  frnd.o(x$fpl$frnd)
    __aeabi_d2ulz                            0x0800dfed   Thumb Code     0  dfixull.o(x$fpl$llufromd)
    _ll_ufrom_d                              0x0800dfed   Thumb Code   120  dfixull.o(x$fpl$llufromd)
    __fpl_return_NaN                         0x0800e065   Thumb Code   100  retnan.o(x$fpl$retnan)
    __ARM_scalbn                             0x0800e0c9   Thumb Code    92  scalbn.o(x$fpl$scalbn)
    __fpl_cmpreturn                          0x0800e125   Thumb Code    48  trapv.o(x$fpl$trapveneer)
    __I$use$fp                               0x0800e154   Number         0  usenofp.o(x$fpl$usenofp)
    defaultTask_attributes                   0x0800e158   Data          36  main.o(.constdata)
    myLedTask_attributes                     0x0800e17c   Data          36  main.o(.constdata)
    myRadioTask_attributes                   0x0800e1a0   Data          36  main.o(.constdata)
    myGpsTask_attributes                     0x0800e1c4   Data          36  main.o(.constdata)
    mySysTickTask_attributes                 0x0800e1e8   Data          36  main.o(.constdata)
    myMobileApplica_attributes               0x0800e20c   Data          36  main.o(.constdata)
    mySendingServer_attributes               0x0800e230   Data          36  main.o(.constdata)
    myControl_attributes                     0x0800e254   Data          36  main.o(.constdata)
    myUsartTask_attributes                   0x0800e278   Data          36  main.o(.constdata)
    SendQueue_attributes                     0x0800e29c   Data          24  main.o(.constdata)
    UsartQueue_attributes                    0x0800e2b4   Data          24  main.o(.constdata)
    pi                                       0x0800e2d0   Data           8  main.o(.constdata)
    char_map                                 0x0800e2d8   Data          10  main.o(.constdata)
    AHBPrescTable                            0x0800e2ea   Data          16  system_stm32f4xx.o(.constdata)
    APBPrescTable                            0x0800e2fa   Data           8  system_stm32f4xx.o(.constdata)
    __mathlib_zero                           0x0800e490   Data           8  qnan.o(.constdata)
    Region$$Table$$Base                      0x0800e678   Number         0  anon$$obj.o(Region$$Table)
    Region$$Table$$Limit                     0x0800e698   Number         0  anon$$obj.o(Region$$Table)
    defaultTaskHandle                        0x20000000   Data           4  main.o(.data)
    myLedTaskHandle                          0x20000004   Data           4  main.o(.data)
    myRadioTaskHandle                        0x20000008   Data           4  main.o(.data)
    myGpsTaskHandle                          0x2000000c   Data           4  main.o(.data)
    mySysTickTaskHandle                      0x20000010   Data           4  main.o(.data)
    myMobileApplicaHandle                    0x20000014   Data           4  main.o(.data)
    mySendingServerHandle                    0x20000018   Data           4  main.o(.data)
    myControlHandle                          0x2000001c   Data           4  main.o(.data)
    myUsartTaskHandle                        0x20000020   Data           4  main.o(.data)
    SendQueueHandle                          0x20000024   Data           4  main.o(.data)
    UsartQueueHandle                         0x20000028   Data           4  main.o(.data)
    CAN1_TxData                              0x2000002c   Data           8  main.o(.data)
    CAN1_RxData                              0x20000034   Data           8  main.o(.data)
    CAN1_TxMailbox                           0x2000003c   Data           4  main.o(.data)
    CAN2_TxData                              0x20000040   Data           8  main.o(.data)
    CAN2_RxData                              0x20000048   Data           8  main.o(.data)
    CAN2_TxMailbox                           0x20000050   Data           4  main.o(.data)
    Items_num_Queue                          0x20000054   Data           1  main.o(.data)
    place                                    0x20000055   Data           1  main.o(.data)
    can_send_timer                           0x20000058   Data           8  main.o(.data)
    isCanSendingAllowed                      0x20000060   Data           1  main.o(.data)
    virtual_gps                              0x20000061   Data           1  main.o(.data)
    virtual_bt                               0x20000062   Data           1  main.o(.data)
    virtual_surv                             0x20000063   Data           1  main.o(.data)
    USB_Cplt                                 0x20000064   Data           1  main.o(.data)
    CAN_BASKET_LAT                           0x20000065   Data           8  main.o(.data)
    CAN_BASKET_LON                           0x2000006d   Data           8  main.o(.data)
    CAN_BASKET_ALT                           0x20000075   Data           8  main.o(.data)
    CAN_BASKET_RC_DRIVING                    0x2000007d   Data           8  main.o(.data)
    CAN_BASKET_RC_DIR                        0x20000085   Data           8  main.o(.data)
    CAN_BASKET_RC_SPEED_ENGINE               0x2000008d   Data           8  main.o(.data)
    CAN_BASKET_RC_START_BUTTON               0x20000095   Data           8  main.o(.data)
    SERVER_BUF_CNT                           0x2000009d   Data           1  main.o(.data)
    parcel_count                             0x2000009e   Data           1  main.o(.data)
    MODE_CONTROL                             0x2000009f   Data           1  main.o(.data)
    total_NUM_Points_SaveZone                0x200000a0   Data           1  main.o(.data)
    total_NUM_Points_Route                   0x200000a1   Data           1  main.o(.data)
    MASTER_coord_latitude                    0x200000a8   Data           8  main.o(.data)
    MASTER_coord_longitude                   0x200000b0   Data           8  main.o(.data)
    SLAVE_coord_latitude                     0x200000b8   Data           8  main.o(.data)
    SLAVE_coord_longitude                    0x200000c0   Data           8  main.o(.data)
    TARGET_coord_latitude                    0x200000c8   Data           8  main.o(.data)
    TARGET_coord_longitude                   0x200000d0   Data           8  main.o(.data)
    HEADING                                  0x200000d8   Data           8  main.o(.data)
    ANGLE_btw_TARGET_N_DOZER                 0x200000e0   Data           8  main.o(.data)
    DELTA_ANGLE_btw_CURSE_N_HEADING          0x200000e8   Data           8  main.o(.data)
    SPEED_ENGINE                             0x200000f0   Data           4  main.o(.data)
    RC_OFF_cnt                               0x200000f4   Data           1  main.o(.data)
    RC_SEND                                  0x200000f5   Data           1  main.o(.data)
    REMOTE_CONNECT_OK                        0x200000f6   Data           1  main.o(.data)
    incData                                  0x200000f7   Data           1  main.o(.data)
    Current_Route_Point                      0x200000f8   Data           1  main.o(.data)
    Num_Route_Point_DONE                     0x200000f9   Data           1  main.o(.data)
    turn_in_place                            0x200000fa   Data           1  main.o(.data)
    u64_lat1                                 0x20000100   Data           8  main.o(.data)
    lat1_multiplier                          0x20000108   Data           8  main.o(.data)
    u64_lon1                                 0x20000110   Data           8  main.o(.data)
    lon1_multiplier                          0x20000118   Data           8  main.o(.data)
    _curse                                   0x20000120   Data           1  main.o(.data)
    GPGGA                                    0x20000121   Data           1  main.o(.data)
    timer_CAN_coords                         0x20000128   Data           8  main.o(.data)
    timer_CAN_DM1_Angles                     0x20000130   Data           8  main.o(.data)
    timer_CAN_DM1_Heights                    0x20000138   Data           8  main.o(.data)
    delta_timeout_Can_coords                 0x20000140   Data           8  main.o(.data)
    Application_get_timer                    0x20000148   Data           8  main.o(.data)
    time_gps_parcel                          0x20000150   Data           8  main.o(.data)
    D_time_gps_parcel                        0x20000158   Data           8  main.o(.data)
    Value_old                                0x20000160   Data           8  main.o(.data)
    Value                                    0x20000168   Data           8  main.o(.data)
    number1                                  0x20000170   Data           8  main.o(.data)
    negative_flag                            0x20000178   Data           1  main.o(.data)
    ies                                      0x20000179   Data           1  main.o(.data)
    char_cnt                                 0x2000017a   Data           1  main.o(.data)
    sizeofc                                  0x2000017b   Data           1  main.o(.data)
    queue_1                                  0x2000017c   Data           1  main.o(.data)
    queue_2                                  0x2000017d   Data           1  main.o(.data)
    queue_init                               0x2000017e   Data           1  main.o(.data)
    queue_cnt                                0x2000017f   Data           1  main.o(.data)
    pack_length                              0x20000180   Data           1  main.o(.data)
    dollar_flag                              0x20000181   Data           1  main.o(.data)
    size_inc                                 0x20000182   Data           1  main.o(.data)
    usart_time                               0x20000188   Data           8  main.o(.data)
    myLat                                    0x20000190   Data           8  main.o(.data)
    myLon                                    0x20000198   Data           8  main.o(.data)
    rec_m                                    0x200001a0   Data           1  main.o(.data)
    left_y1                                  0x200001a1   Data           1  main.o(.data)
    left_y2                                  0x200001a2   Data           1  main.o(.data)
    left_x1                                  0x200001a3   Data           1  main.o(.data)
    left_x2                                  0x200001a4   Data           1  main.o(.data)
    right_y1                                 0x200001a5   Data           1  main.o(.data)
    right_y2                                 0x200001a6   Data           1  main.o(.data)
    right_x1                                 0x200001a7   Data           1  main.o(.data)
    right_x2                                 0x200001a8   Data           1  main.o(.data)
    left_btn                                 0x200001a9   Data           1  main.o(.data)
    right_btn                                0x200001aa   Data           1  main.o(.data)
    speed_level                              0x200001ab   Data           1  main.o(.data)
    start_bit                                0x200001ac   Data           1  main.o(.data)
    RC_BTN_SEND                              0x200001ad   Data           1  main.o(.data)
    RC_timer                                 0x200001b0   Data           8  main.o(.data)
    delta_timeout_RC                         0x200001b8   Data           8  main.o(.data)
    j                                        0x200001c0   Data           4  main.o(.data)
    g                                        0x200001c4   Data           4  main.o(.data)
    gh                                       0x200001c8   Data           4  main.o(.data)
    statComma                                0x200001cc   Data           1  main.o(.data)
    float_flag                               0x200001cd   Data           1  main.o(.data)
    GPS_al                                   0x200001d0   Data           8  main.o(.data)
    lat_int                                  0x200001d8   Data           4  main.o(.data)
    lon_int                                  0x200001dc   Data           4  main.o(.data)
    lat_float                                0x200001e0   Data           4  main.o(.data)
    lon_float                                0x200001e4   Data           4  main.o(.data)
    ilat                                     0x200001e8   Data           4  main.o(.data)
    flat_minute_int                          0x200001f0   Data           8  main.o(.data)
    flat_minute_dec                          0x200001f8   Data           8  main.o(.data)
    flat_dec                                 0x20000200   Data           8  main.o(.data)
    flat_fin                                 0x20000208   Data           8  main.o(.data)
    mul_lat                                  0x20000210   Data           4  main.o(.data)
    ilon                                     0x20000214   Data           4  main.o(.data)
    flon_minute_int                          0x20000218   Data           8  main.o(.data)
    flon_minute_dec                          0x20000220   Data           8  main.o(.data)
    flon_dec                                 0x20000228   Data           8  main.o(.data)
    flon_fin                                 0x20000230   Data           8  main.o(.data)
    mul_lon                                  0x20000238   Data           4  main.o(.data)
    time_to_send_rc                          0x20000240   Data           8  main.o(.data)
    Dtime_to_send_rc                         0x20000248   Data           8  main.o(.data)
    deltaLon                                 0x20000250   Data           8  main.o(.data)
    e                                        0x20000258   Data           8  main.o(.data)
    a                                        0x20000260   Data           8  main.o(.data)
    b                                        0x20000268   Data           8  main.o(.data)
    deltaLon_rad                             0x20000270   Data           8  main.o(.data)
    latitude1_rad                            0x20000278   Data           8  main.o(.data)
    longitude1_rad                           0x20000280   Data           8  main.o(.data)
    latitude2_rad                            0x20000288   Data           8  main.o(.data)
    longitude2_rad                           0x20000290   Data           8  main.o(.data)
    alfa                                     0x20000298   Data           8  main.o(.data)
    check_zone                               0x200002a0   Data           8  main.o(.data)
    Target_lat_i                             0x200002a8   Data           8  main.o(.data)
    Target_lon_i                             0x200002b0   Data           8  main.o(.data)
    My_lat_i                                 0x200002b8   Data           8  main.o(.data)
    My_lon_i                                 0x200002c0   Data           8  main.o(.data)
    turn_step                                0x200002c8   Data           1  main.o(.data)
    joy_x_set                                0x200002ca   Data           2  main.o(.data)
    joy_y_set                                0x200002cc   Data           2  main.o(.data)
    received_led                             0x200002ce   Data           1  main.o(.data)
    buf1                                     0x200002cf   Data           8  main.o(.data)
    buf2                                     0x200002d7   Data           8  main.o(.data)
    timer_CAN_SEND                           0x200002e0   Data           8  main.o(.data)
    mulLat                                   0x200002e8   Data           8  main.o(.data)
    mulLon                                   0x200002f0   Data           8  main.o(.data)
    gps_data_timer                           0x200002f8   Data           8  main.o(.data)
    freemem                                  0x20000300   Data           4  main.o(.data)
    delta_timeout_gps                        0x20000308   Data           8  main.o(.data)
    SEND_OK                                  0x20000310   Data           1  main.o(.data)
    uxNumberOfItems                          0x20000314   Data           4  main.o(.data)
    FS_Desc                                  0x2000031c   Data          28  usbd_desc.o(.data)
    USBD_LangIDDesc                          0x20000338   Data           4  usbd_desc.o(.data)
    USBD_FS_DeviceDesc                       0x2000033c   Data          18  usbd_desc.o(.data)
    USBD_StringSerial                        0x20000350   Data          26  usbd_desc.o(.data)
    next                                     0x2000036a   Data           1  usbd_cdc_if.o(.data)
    USB_flag                                 0x20000370   Data           1  usbd_cdc_if.o(.data)
    USB_cnt                                  0x20000372   Data           2  usbd_cdc_if.o(.data)
    USB_len                                  0x20000374   Data           4  usbd_cdc_if.o(.data)
    USB_timer                                0x20000378   Data           8  usbd_cdc_if.o(.data)
    USBD_Interface_fops_FS                   0x20000380   Data          20  usbd_cdc_if.o(.data)
    uwTickFreq                               0x20000394   Data           1  stm32f4xx_hal.o(.data)
    uwTickPrio                               0x20000398   Data           4  stm32f4xx_hal.o(.data)
    uwTick                                   0x2000039c   Data           4  stm32f4xx_hal.o(.data)
    SystemCoreClock                          0x200003a0   Data           4  system_stm32f4xx.o(.data)
    pxCurrentTCB                             0x200003a4   Data           4  tasks.o(.data)
    USBD_CDC                                 0x20000500   Data          56  usbd_cdc.o(.data)
    hcan1                                    0x20000538   Data          40  main.o(.bss)
    hcan2                                    0x20000560   Data          40  main.o(.bss)
    sFilterConfig                            0x20000588   Data          40  main.o(.bss)
    hspi1                                    0x200005b0   Data          88  main.o(.bss)
    huart1                                   0x20000608   Data          68  main.o(.bss)
    huart2                                   0x2000064c   Data          68  main.o(.bss)
    huart3                                   0x20000690   Data          68  main.o(.bss)
    huart4                                   0x200006d4   Data          68  main.o(.bss)
    huart6                                   0x20000718   Data          68  main.o(.bss)
    hdma_usart1_rx                           0x2000075c   Data          96  main.o(.bss)
    hdma_usart2_rx                           0x200007bc   Data          96  main.o(.bss)
    hdma_usart6_rx                           0x2000081c   Data          96  main.o(.bss)
    CAN1_TxHeader                            0x2000087c   Data          24  main.o(.bss)
    CAN1_RxHeader                            0x20000894   Data          28  main.o(.bss)
    CAN2_TxHeader                            0x200008b0   Data          24  main.o(.bss)
    CAN2_RxHeader                            0x200008c8   Data          28  main.o(.bss)
    GPSFixData                               0x200008e4   Data         116  main.o(.bss)
    coordSaveZone                            0x20000958   Data         160  main.o(.bss)
    coordRoute                               0x200009f8   Data         160  main.o(.bss)
    global_buf                               0x20000a98   Data         247  main.o(.bss)
    RADIO_DATA1                              0x20000b8f   Data          30  main.o(.bss)
    COM1_GPS_DATA                            0x20000bad   Data        1000  main.o(.bss)
    COM2_GPS_DATA                            0x20000f95   Data         100  main.o(.bss)
    RADIO_DATA                               0x20000ff9   Data         255  main.o(.bss)
    RECEIVE_SERVER_BUF                       0x200010f8   Data         500  main.o(.bss)
    parsed_buffer                            0x200012ec   Data         255  main.o(.bss)
    xls_protocol_buffer                      0x200013eb   Data          20  main.o(.bss)
    htim7                                    0x20001400   Data          72  stm32f4xx_hal_timebase_tim.o(.bss)
    hUsbDeviceFS                             0x20001448   Data         720  usb_device.o(.bss)
    USBD_StrDesc                             0x20001718   Data         512  usbd_desc.o(.bss)
    USB_Buf                                  0x20001918   Data        1000  usbd_cdc_if.o(.bss)
    UserRxBufferFS                           0x20001d00   Data        2048  usbd_cdc_if.o(.bss)
    UserTxBufferFS                           0x20002500   Data        2048  usbd_cdc_if.o(.bss)
    hpcd_USB_OTG_FS                          0x20002f20   Data        1032  usbd_conf.o(.bss)
    xQueueRegistry                           0x20003328   Data          64  queue.o(.bss)
    _random_number_data                      0x20007bfc   Data         228  rand.o(.bss)
    __libspace_start                         0x20007ce0   Data          96  libspace.o(.bss)
    __temporary_stack_top$libspace           0x20007d40   Data           0  libspace.o(.bss)



==============================================================================

Memory Map of the image

  Image Entry point : 0x08000189

  Load Region LR_IROM1 (Base: 0x08000000, Size: 0x0000ebd0, Max: 0x00080000, ABSOLUTE, COMPRESSED[0x0000e7a8])

    Execution Region ER_IROM1 (Exec base: 0x08000000, Load base: 0x08000000, Size: 0x0000e698, Max: 0x00080000, ABSOLUTE)

    Exec Addr    Load Addr    Size         Type   Attr      Idx    E Section Name        Object

    0x08000000   0x08000000   0x00000188   Data   RO            3    RESET               startup_stm32f407xx.o
    0x08000188   0x08000188   0x00000008   Code   RO         7152  * !!!main             c_w.l(__main.o)
    0x08000190   0x08000190   0x00000034   Code   RO         7534    !!!scatter          c_w.l(__scatter.o)
    0x080001c4   0x080001c4   0x0000005a   Code   RO         7532    !!dczerorl2         c_w.l(__dczerorl2.o)
    0x0800021e   0x0800021e   0x00000002   PAD
    0x08000220   0x08000220   0x0000001c   Code   RO         7536    !!handler_zi        c_w.l(__scatter_zi.o)
    0x0800023c   0x0800023c   0x00000002   Code   RO         7454    .ARM.Collect$$libinit$$00000000  c_w.l(libinit.o)
    0x0800023e   0x0800023e   0x00000004   Code   RO         7289    .ARM.Collect$$libinit$$00000001  c_w.l(libinit2.o)
    0x08000242   0x08000242   0x00000000   Code   RO         7292    .ARM.Collect$$libinit$$00000004  c_w.l(libinit2.o)
    0x08000242   0x08000242   0x00000000   Code   RO         7295    .ARM.Collect$$libinit$$0000000A  c_w.l(libinit2.o)
    0x08000242   0x08000242   0x00000000   Code   RO         7297    .ARM.Collect$$libinit$$0000000C  c_w.l(libinit2.o)
    0x08000242   0x08000242   0x00000004   Code   RO         7298    .ARM.Collect$$libinit$$0000000D  c_w.l(libinit2.o)
    0x08000246   0x08000246   0x00000000   Code   RO         7299    .ARM.Collect$$libinit$$0000000E  c_w.l(libinit2.o)
    0x08000246   0x08000246   0x00000000   Code   RO         7302    .ARM.Collect$$libinit$$00000011  c_w.l(libinit2.o)
    0x08000246   0x08000246   0x00000000   Code   RO         7304    .ARM.Collect$$libinit$$00000013  c_w.l(libinit2.o)
    0x08000246   0x08000246   0x00000000   Code   RO         7306    .ARM.Collect$$libinit$$00000015  c_w.l(libinit2.o)
    0x08000246   0x08000246   0x00000000   Code   RO         7308    .ARM.Collect$$libinit$$00000017  c_w.l(libinit2.o)
    0x08000246   0x08000246   0x00000000   Code   RO         7310    .ARM.Collect$$libinit$$00000019  c_w.l(libinit2.o)
    0x08000246   0x08000246   0x00000000   Code   RO         7312    .ARM.Collect$$libinit$$0000001B  c_w.l(libinit2.o)
    0x08000246   0x08000246   0x00000000   Code   RO         7314    .ARM.Collect$$libinit$$0000001D  c_w.l(libinit2.o)
    0x08000246   0x08000246   0x00000000   Code   RO         7316    .ARM.Collect$$libinit$$0000001F  c_w.l(libinit2.o)
    0x08000246   0x08000246   0x00000000   Code   RO         7318    .ARM.Collect$$libinit$$00000021  c_w.l(libinit2.o)
    0x08000246   0x08000246   0x00000000   Code   RO         7320    .ARM.Collect$$libinit$$00000023  c_w.l(libinit2.o)
    0x08000246   0x08000246   0x00000000   Code   RO         7322    .ARM.Collect$$libinit$$00000025  c_w.l(libinit2.o)
    0x08000246   0x08000246   0x00000000   Code   RO         7326    .ARM.Collect$$libinit$$0000002C  c_w.l(libinit2.o)
    0x08000246   0x08000246   0x00000000   Code   RO         7328    .ARM.Collect$$libinit$$0000002E  c_w.l(libinit2.o)
    0x08000246   0x08000246   0x00000000   Code   RO         7330    .ARM.Collect$$libinit$$00000030  c_w.l(libinit2.o)
    0x08000246   0x08000246   0x00000000   Code   RO         7332    .ARM.Collect$$libinit$$00000032  c_w.l(libinit2.o)
    0x08000246   0x08000246   0x00000002   Code   RO         7333    .ARM.Collect$$libinit$$00000033  c_w.l(libinit2.o)
    0x08000248   0x08000248   0x00000002   Code   RO         7499    .ARM.Collect$$libshutdown$$00000000  c_w.l(libshutdown.o)
    0x0800024a   0x0800024a   0x00000000   Code   RO         7515    .ARM.Collect$$libshutdown$$00000002  c_w.l(libshutdown2.o)
    0x0800024a   0x0800024a   0x00000000   Code   RO         7517    .ARM.Collect$$libshutdown$$00000004  c_w.l(libshutdown2.o)
    0x0800024a   0x0800024a   0x00000000   Code   RO         7520    .ARM.Collect$$libshutdown$$00000007  c_w.l(libshutdown2.o)
    0x0800024a   0x0800024a   0x00000000   Code   RO         7523    .ARM.Collect$$libshutdown$$0000000A  c_w.l(libshutdown2.o)
    0x0800024a   0x0800024a   0x00000000   Code   RO         7525    .ARM.Collect$$libshutdown$$0000000C  c_w.l(libshutdown2.o)
    0x0800024a   0x0800024a   0x00000000   Code   RO         7528    .ARM.Collect$$libshutdown$$0000000F  c_w.l(libshutdown2.o)
    0x0800024a   0x0800024a   0x00000002   Code   RO         7529    .ARM.Collect$$libshutdown$$00000010  c_w.l(libshutdown2.o)
    0x0800024c   0x0800024c   0x00000000   Code   RO         7278    .ARM.Collect$$rtentry$$00000000  c_w.l(__rtentry.o)
    0x0800024c   0x0800024c   0x00000000   Code   RO         7405    .ARM.Collect$$rtentry$$00000002  c_w.l(__rtentry2.o)
    0x0800024c   0x0800024c   0x00000006   Code   RO         7417    .ARM.Collect$$rtentry$$00000004  c_w.l(__rtentry4.o)
    0x08000252   0x08000252   0x00000000   Code   RO         7407    .ARM.Collect$$rtentry$$00000009  c_w.l(__rtentry2.o)
    0x08000252   0x08000252   0x00000004   Code   RO         7408    .ARM.Collect$$rtentry$$0000000A  c_w.l(__rtentry2.o)
    0x08000256   0x08000256   0x00000000   Code   RO         7410    .ARM.Collect$$rtentry$$0000000C  c_w.l(__rtentry2.o)
    0x08000256   0x08000256   0x00000008   Code   RO         7411    .ARM.Collect$$rtentry$$0000000D  c_w.l(__rtentry2.o)
    0x0800025e   0x0800025e   0x00000002   Code   RO         7459    .ARM.Collect$$rtexit$$00000000  c_w.l(rtexit.o)
    0x08000260   0x08000260   0x00000000   Code   RO         7481    .ARM.Collect$$rtexit$$00000002  c_w.l(rtexit2.o)
    0x08000260   0x08000260   0x00000004   Code   RO         7482    .ARM.Collect$$rtexit$$00000003  c_w.l(rtexit2.o)
    0x08000264   0x08000264   0x00000006   Code   RO         7483    .ARM.Collect$$rtexit$$00000004  c_w.l(rtexit2.o)
    0x0800026a   0x0800026a   0x00000002   PAD
    0x0800026c   0x0800026c   0x000000be   Code   RO         6646    .emb_text           port.o
    0x0800032a   0x0800032a   0x00000002   PAD
    0x0800032c   0x0800032c   0x00000034   Code   RO         7133    .emb_text           c_w.l(rand.o)
    0x08000360   0x08000360   0x00000040   Code   RO            4    .text               startup_stm32f407xx.o
    0x080003a0   0x080003a0   0x000000ee   Code   RO         7127    .text               c_w.l(lludivv7m.o)
    0x0800048e   0x0800048e   0x00000026   Code   RO         7129    .text               c_w.l(llshl.o)
    0x080004b4   0x080004b4   0x00000026   Code   RO         7131    .text               c_w.l(llushr.o)
    0x080004da   0x080004da   0x00000002   PAD
    0x080004dc   0x080004dc   0x0000003c   Code   RO         7134    .text               c_w.l(rand.o)
    0x08000518   0x08000518   0x00000024   Code   RO         7138    .text               c_w.l(strstr.o)
    0x0800053c   0x0800053c   0x0000003e   Code   RO         7140    .text               c_w.l(strlen.o)
    0x0800057a   0x0800057a   0x0000008a   Code   RO         7142    .text               c_w.l(rt_memcpy_v6.o)
    0x08000604   0x08000604   0x00000010   Code   RO         7146    .text               c_w.l(aeabi_memset.o)
    0x08000614   0x08000614   0x0000004e   Code   RO         7148    .text               c_w.l(rt_memclr_w.o)
    0x08000662   0x08000662   0x00000006   Code   RO         7150    .text               c_w.l(heapauxi.o)
    0x08000668   0x08000668   0x00000016   Code   RO         7283    .text               c_w.l(_rserrno.o)
    0x0800067e   0x0800067e   0x00000064   Code   RO         7285    .text               c_w.l(rt_memcpy_w.o)
    0x080006e2   0x080006e2   0x00000044   Code   RO         7287    .text               c_w.l(rt_memclr.o)
    0x08000726   0x08000726   0x00000002   PAD
    0x08000728   0x08000728   0x00000008   Code   RO         7424    .text               c_w.l(rt_errno_addr_intlibspace.o)
    0x08000730   0x08000730   0x00000008   Code   RO         7434    .text               c_w.l(libspace.o)
    0x08000738   0x08000738   0x0000004a   Code   RO         7437    .text               c_w.l(sys_stackheap_outer.o)
    0x08000782   0x08000782   0x00000012   Code   RO         7439    .text               c_w.l(exit.o)
    0x08000794   0x08000794   0x0000000c   Code   RO         7475    .text               c_w.l(sys_exit.o)
    0x080007a0   0x080007a0   0x00000002   Code   RO         7477    .text               c_w.l(use_no_semi.o)
    0x080007a2   0x080007a2   0x00000000   Code   RO         7479    .text               c_w.l(indicate_semi.o)
    0x080007a2   0x080007a2   0x00000002   PAD
    0x080007a4   0x080007a4   0x000004d0   Code   RO           37    i.Azimuth_Calculating  main.o
    0x08000c74   0x08000c74   0x00000004   Code   RO          607    i.BusFault_Handler  stm32f4xx_it.o
    0x08000c78   0x08000c78   0x00000010   Code   RO          608    i.CAN1_RX0_IRQHandler  stm32f4xx_it.o
    0x08000c88   0x08000c88   0x00000010   Code   RO          609    i.CAN2_RX0_IRQHandler  stm32f4xx_it.o
    0x08000c98   0x08000c98   0x000000f8   Code   RO           38    i.CAN_Send          main.o
    0x08000d90   0x08000d90   0x00000008   Code   RO          961    i.CDC_Control_FS    usbd_cdc_if.o
    0x08000d98   0x08000d98   0x00000004   Code   RO          962    i.CDC_DeInit_FS     usbd_cdc_if.o
    0x08000d9c   0x08000d9c   0x00000024   Code   RO          963    i.CDC_Init_FS       usbd_cdc_if.o
    0x08000dc0   0x08000dc0   0x0000005c   Code   RO          964    i.CDC_Receive_FS    usbd_cdc_if.o
    0x08000e1c   0x08000e1c   0x00000004   Code   RO          965    i.CDC_TransmitCplt_FS  usbd_cdc_if.o
    0x08000e20   0x08000e20   0x0000002c   Code   RO          966    i.CDC_Transmit_FS   usbd_cdc_if.o
    0x08000e4c   0x08000e4c   0x00000010   Code   RO          610    i.DMA1_Stream5_IRQHandler  stm32f4xx_it.o
    0x08000e5c   0x08000e5c   0x00000010   Code   RO          611    i.DMA2_Stream1_IRQHandler  stm32f4xx_it.o
    0x08000e6c   0x08000e6c   0x00000010   Code   RO          612    i.DMA2_Stream2_IRQHandler  stm32f4xx_it.o
    0x08000e7c   0x08000e7c   0x00000034   Code   RO         2315    i.DMA_CalcBaseAndBitshift  stm32f4xx_hal_dma.o
    0x08000eb0   0x08000eb0   0x0000007e   Code   RO         2316    i.DMA_CheckFifoParam  stm32f4xx_hal_dma.o
    0x08000f2e   0x08000f2e   0x00000038   Code   RO         2317    i.DMA_SetConfig     stm32f4xx_hal_dma.o
    0x08000f66   0x08000f66   0x00000002   Code   RO          613    i.DebugMon_Handler  stm32f4xx_it.o
    0x08000f68   0x08000f68   0x00000018   Code   RO           39    i.Error_Handler     main.o
    0x08000f80   0x08000f80   0x00000026   Code   RO           40    i.GET_CONFIRM_MSG   main.o
    0x08000fa6   0x08000fa6   0x00000002   PAD
    0x08000fa8   0x08000fa8   0x00000118   Code   RO           41    i.GET_DATA_PARCEL   main.o
    0x080010c0   0x080010c0   0x00000038   Code   RO          870    i.Get_SerialNum     usbd_desc.o
    0x080010f8   0x080010f8   0x00000024   Code   RO         2984    i.HAL_CAN_ActivateNotification  stm32f4xx_hal_can.o
    0x0800111c   0x0800111c   0x00000104   Code   RO         2985    i.HAL_CAN_AddTxMessage  stm32f4xx_hal_can.o
    0x08001220   0x08001220   0x00000128   Code   RO         2986    i.HAL_CAN_ConfigFilter  stm32f4xx_hal_can.o
    0x08001348   0x08001348   0x0000000e   Code   RO           42    i.HAL_CAN_ErrorCallback  main.o
    0x08001356   0x08001356   0x00000004   Code   RO         2990    i.HAL_CAN_GetError  stm32f4xx_hal_can.o
    0x0800135a   0x0800135a   0x0000016c   Code   RO         2992    i.HAL_CAN_GetRxMessage  stm32f4xx_hal_can.o
    0x080014c6   0x080014c6   0x00000234   Code   RO         2996    i.HAL_CAN_IRQHandler  stm32f4xx_hal_can.o
    0x080016fa   0x080016fa   0x00000168   Code   RO         2997    i.HAL_CAN_Init      stm32f4xx_hal_can.o
    0x08001862   0x08001862   0x00000002   PAD
    0x08001864   0x08001864   0x00000160   Code   RO          738    i.HAL_CAN_MspInit   stm32f4xx_hal_msp.o
    0x080019c4   0x080019c4   0x00000002   Code   RO         3004    i.HAL_CAN_RxFifo0FullCallback  stm32f4xx_hal_can.o
    0x080019c6   0x080019c6   0x00000002   PAD
    0x080019c8   0x080019c8   0x000005f8   Code   RO           43    i.HAL_CAN_RxFifo0MsgPendingCallback  main.o
    0x08001fc0   0x08001fc0   0x00000002   Code   RO         3006    i.HAL_CAN_RxFifo1FullCallback  stm32f4xx_hal_can.o
    0x08001fc2   0x08001fc2   0x00000002   Code   RO         3007    i.HAL_CAN_RxFifo1MsgPendingCallback  stm32f4xx_hal_can.o
    0x08001fc4   0x08001fc4   0x00000002   Code   RO         3008    i.HAL_CAN_SleepCallback  stm32f4xx_hal_can.o
    0x08001fc6   0x08001fc6   0x00000064   Code   RO         3009    i.HAL_CAN_Start     stm32f4xx_hal_can.o
    0x0800202a   0x0800202a   0x00000002   Code   RO         3011    i.HAL_CAN_TxMailbox0AbortCallback  stm32f4xx_hal_can.o
    0x0800202c   0x0800202c   0x00000002   Code   RO         3012    i.HAL_CAN_TxMailbox0CompleteCallback  stm32f4xx_hal_can.o
    0x0800202e   0x0800202e   0x00000002   Code   RO         3013    i.HAL_CAN_TxMailbox1AbortCallback  stm32f4xx_hal_can.o
    0x08002030   0x08002030   0x00000002   Code   RO         3014    i.HAL_CAN_TxMailbox1CompleteCallback  stm32f4xx_hal_can.o
    0x08002032   0x08002032   0x00000002   Code   RO         3015    i.HAL_CAN_TxMailbox2AbortCallback  stm32f4xx_hal_can.o
    0x08002034   0x08002034   0x00000002   Code   RO         3016    i.HAL_CAN_TxMailbox2CompleteCallback  stm32f4xx_hal_can.o
    0x08002036   0x08002036   0x00000002   Code   RO         3018    i.HAL_CAN_WakeUpFromRxMsgCallback  stm32f4xx_hal_can.o
    0x08002038   0x08002038   0x000000a2   Code   RO         2318    i.HAL_DMA_Abort     stm32f4xx_hal_dma.o
    0x080020da   0x080020da   0x00000024   Code   RO         2319    i.HAL_DMA_Abort_IT  stm32f4xx_hal_dma.o
    0x080020fe   0x080020fe   0x00000002   PAD
    0x08002100   0x08002100   0x000001ec   Code   RO         2323    i.HAL_DMA_IRQHandler  stm32f4xx_hal_dma.o
    0x080022ec   0x080022ec   0x000000ec   Code   RO         2324    i.HAL_DMA_Init      stm32f4xx_hal_dma.o
    0x080023d8   0x080023d8   0x00000070   Code   RO         2328    i.HAL_DMA_Start_IT  stm32f4xx_hal_dma.o
    0x08002448   0x08002448   0x00000028   Code   RO         2732    i.HAL_Delay         stm32f4xx_hal.o
    0x08002470   0x08002470   0x00000230   Code   RO         2211    i.HAL_GPIO_Init     stm32f4xx_hal_gpio.o
    0x080026a0   0x080026a0   0x00000010   Code   RO         2214    i.HAL_GPIO_TogglePin  stm32f4xx_hal_gpio.o
    0x080026b0   0x080026b0   0x0000000e   Code   RO         2215    i.HAL_GPIO_WritePin  stm32f4xx_hal_gpio.o
    0x080026be   0x080026be   0x00000002   PAD
    0x080026c0   0x080026c0   0x0000000c   Code   RO         2738    i.HAL_GetTick       stm32f4xx_hal.o
    0x080026cc   0x080026cc   0x00000010   Code   RO         2744    i.HAL_IncTick       stm32f4xx_hal.o
    0x080026dc   0x080026dc   0x00000034   Code   RO         2745    i.HAL_Init          stm32f4xx_hal.o
    0x08002710   0x08002710   0x0000008c   Code   RO          800    i.HAL_InitTick      stm32f4xx_hal_timebase_tim.o
    0x0800279c   0x0800279c   0x00000054   Code   RO          739    i.HAL_MspInit       stm32f4xx_hal_msp.o
    0x080027f0   0x080027f0   0x0000001c   Code   RO         2600    i.HAL_NVIC_EnableIRQ  stm32f4xx_hal_cortex.o
    0x0800280c   0x0800280c   0x00000068   Code   RO         2606    i.HAL_NVIC_SetPriority  stm32f4xx_hal_cortex.o
    0x08002874   0x08002874   0x00000024   Code   RO         2607    i.HAL_NVIC_SetPriorityGrouping  stm32f4xx_hal_cortex.o
    0x08002898   0x08002898   0x00000002   Code   RO         1465    i.HAL_PCDEx_LPM_Callback  stm32f4xx_hal_pcd_ex.o
    0x0800289a   0x0800289a   0x00000008   Code   RO         1466    i.HAL_PCDEx_SetRxFiFo  stm32f4xx_hal_pcd_ex.o
    0x080028a2   0x080028a2   0x0000004a   Code   RO         1467    i.HAL_PCDEx_SetTxFiFo  stm32f4xx_hal_pcd_ex.o
    0x080028ec   0x080028ec   0x00000008   Code   RO         1026    i.HAL_PCD_ConnectCallback  usbd_conf.o
    0x080028f4   0x080028f4   0x00000012   Code   RO         1027    i.HAL_PCD_DataInStageCallback  usbd_conf.o
    0x08002906   0x08002906   0x00000014   Code   RO         1028    i.HAL_PCD_DataOutStageCallback  usbd_conf.o
    0x0800291a   0x0800291a   0x00000008   Code   RO         1029    i.HAL_PCD_DisconnectCallback  usbd_conf.o
    0x08002922   0x08002922   0x0000004a   Code   RO         1242    i.HAL_PCD_EP_Close  stm32f4xx_hal_pcd.o
    0x0800296c   0x0800296c   0x0000005c   Code   RO         1243    i.HAL_PCD_EP_ClrStall  stm32f4xx_hal_pcd.o
    0x080029c8   0x080029c8   0x00000012   Code   RO         1245    i.HAL_PCD_EP_GetRxCount  stm32f4xx_hal_pcd.o
    0x080029da   0x080029da   0x0000005c   Code   RO         1246    i.HAL_PCD_EP_Open   stm32f4xx_hal_pcd.o
    0x08002a36   0x08002a36   0x00000046   Code   RO         1247    i.HAL_PCD_EP_Receive  stm32f4xx_hal_pcd.o
    0x08002a7c   0x08002a7c   0x00000074   Code   RO         1248    i.HAL_PCD_EP_SetStall  stm32f4xx_hal_pcd.o
    0x08002af0   0x08002af0   0x00000046   Code   RO         1249    i.HAL_PCD_EP_Transmit  stm32f4xx_hal_pcd.o
    0x08002b36   0x08002b36   0x00000436   Code   RO         1251    i.HAL_PCD_IRQHandler  stm32f4xx_hal_pcd.o
    0x08002f6c   0x08002f6c   0x00000008   Code   RO         1030    i.HAL_PCD_ISOINIncompleteCallback  usbd_conf.o
    0x08002f74   0x08002f74   0x00000008   Code   RO         1031    i.HAL_PCD_ISOOUTIncompleteCallback  usbd_conf.o
    0x08002f7c   0x08002f7c   0x00000140   Code   RO         1254    i.HAL_PCD_Init      stm32f4xx_hal_pcd.o
    0x080030bc   0x080030bc   0x00000084   Code   RO         1033    i.HAL_PCD_MspInit   usbd_conf.o
    0x08003140   0x08003140   0x0000002e   Code   RO         1034    i.HAL_PCD_ResetCallback  usbd_conf.o
    0x0800316e   0x0800316e   0x00000008   Code   RO         1035    i.HAL_PCD_ResumeCallback  usbd_conf.o
    0x08003176   0x08003176   0x00000008   Code   RO         1036    i.HAL_PCD_SOFCallback  usbd_conf.o
    0x0800317e   0x0800317e   0x00000028   Code   RO         1260    i.HAL_PCD_SetAddress  stm32f4xx_hal_pcd.o
    0x080031a6   0x080031a6   0x0000000e   Code   RO         1037    i.HAL_PCD_SetupStageCallback  usbd_conf.o
    0x080031b4   0x080031b4   0x00000042   Code   RO         1262    i.HAL_PCD_Start     stm32f4xx_hal_pcd.o
    0x080031f6   0x080031f6   0x00000002   PAD
    0x080031f8   0x080031f8   0x00000030   Code   RO         1038    i.HAL_PCD_SuspendCallback  usbd_conf.o
    0x08003228   0x08003228   0x0000017c   Code   RO         1812    i.HAL_RCC_ClockConfig  stm32f4xx_hal_rcc.o
    0x080033a4   0x080033a4   0x0000003c   Code   RO         1816    i.HAL_RCC_GetClockConfig  stm32f4xx_hal_rcc.o
    0x080033e0   0x080033e0   0x0000000c   Code   RO         1817    i.HAL_RCC_GetHCLKFreq  stm32f4xx_hal_rcc.o
    0x080033ec   0x080033ec   0x00000020   Code   RO         1819    i.HAL_RCC_GetPCLK1Freq  stm32f4xx_hal_rcc.o
    0x0800340c   0x0800340c   0x00000020   Code   RO         1820    i.HAL_RCC_GetPCLK2Freq  stm32f4xx_hal_rcc.o
    0x0800342c   0x0800342c   0x0000006c   Code   RO         1821    i.HAL_RCC_GetSysClockFreq  stm32f4xx_hal_rcc.o
    0x08003498   0x08003498   0x00000482   Code   RO         1824    i.HAL_RCC_OscConfig  stm32f4xx_hal_rcc.o
    0x0800391a   0x0800391a   0x000000be   Code   RO         3228    i.HAL_SPI_Init      stm32f4xx_hal_spi.o
    0x080039d8   0x080039d8   0x00000088   Code   RO          741    i.HAL_SPI_MspInit   stm32f4xx_hal_msp.o
    0x08003a60   0x08003a60   0x00000002   Code   RO         4256    i.HAL_TIMEx_BreakCallback  stm32f4xx_hal_tim_ex.o
    0x08003a62   0x08003a62   0x00000002   Code   RO         4257    i.HAL_TIMEx_CommutCallback  stm32f4xx_hal_tim_ex.o
    0x08003a64   0x08003a64   0x0000005c   Code   RO         3541    i.HAL_TIM_Base_Init  stm32f4xx_hal_tim.o
    0x08003ac0   0x08003ac0   0x00000002   Code   RO         3543    i.HAL_TIM_Base_MspInit  stm32f4xx_hal_tim.o
    0x08003ac2   0x08003ac2   0x0000008a   Code   RO         3546    i.HAL_TIM_Base_Start_IT  stm32f4xx_hal_tim.o
    0x08003b4c   0x08003b4c   0x00000002   Code   RO         3575    i.HAL_TIM_IC_CaptureCallback  stm32f4xx_hal_tim.o
    0x08003b4e   0x08003b4e   0x00000174   Code   RO         3589    i.HAL_TIM_IRQHandler  stm32f4xx_hal_tim.o
    0x08003cc2   0x08003cc2   0x00000002   Code   RO         3592    i.HAL_TIM_OC_DelayElapsedCallback  stm32f4xx_hal_tim.o
    0x08003cc4   0x08003cc4   0x00000002   Code   RO         3619    i.HAL_TIM_PWM_PulseFinishedCallback  stm32f4xx_hal_tim.o
    0x08003cc6   0x08003cc6   0x00000002   PAD
    0x08003cc8   0x08003cc8   0x00000018   Code   RO           44    i.HAL_TIM_PeriodElapsedCallback  main.o
    0x08003ce0   0x08003ce0   0x00000002   Code   RO         3632    i.HAL_TIM_TriggerCallback  stm32f4xx_hal_tim.o
    0x08003ce2   0x08003ce2   0x00000002   PAD
    0x08003ce4   0x08003ce4   0x0000002c   Code   RO           45    i.HAL_UARTExCOM1_GPS_ReceiveToIdle_DMA  main.o
    0x08003d10   0x08003d10   0x00000018   Code   RO           46    i.HAL_UARTExCOM2_GPS_ReceiveToIdle_IT  main.o
    0x08003d28   0x08003d28   0x00000018   Code   RO           48    i.HAL_UARTExRadio_ReceiveToIdle_IT  main.o
    0x08003d40   0x08003d40   0x00000062   Code   RO         4532    i.HAL_UARTEx_ReceiveToIdle_DMA  stm32f4xx_hal_uart.o
    0x08003da2   0x08003da2   0x00000068   Code   RO         4533    i.HAL_UARTEx_ReceiveToIdle_IT  stm32f4xx_hal_uart.o
    0x08003e0a   0x08003e0a   0x00000002   PAD
    0x08003e0c   0x08003e0c   0x000001d8   Code   RO           49    i.HAL_UARTEx_RxEventCallback  main.o
    0x08003fe4   0x08003fe4   0x00000002   Code   RO         4548    i.HAL_UART_ErrorCallback  stm32f4xx_hal_uart.o
    0x08003fe6   0x08003fe6   0x00000002   PAD
    0x08003fe8   0x08003fe8   0x00000260   Code   RO         4551    i.HAL_UART_IRQHandler  stm32f4xx_hal_uart.o
    0x08004248   0x08004248   0x00000064   Code   RO         4552    i.HAL_UART_Init     stm32f4xx_hal_uart.o
    0x080042ac   0x080042ac   0x00000364   Code   RO          743    i.HAL_UART_MspInit  stm32f4xx_hal_msp.o
    0x08004610   0x08004610   0x00000002   Code   RO         4558    i.HAL_UART_RxCpltCallback  stm32f4xx_hal_uart.o
    0x08004612   0x08004612   0x00000002   Code   RO         4559    i.HAL_UART_RxHalfCpltCallback  stm32f4xx_hal_uart.o
    0x08004614   0x08004614   0x00000042   Code   RO         4562    i.HAL_UART_Transmit_IT  stm32f4xx_hal_uart.o
    0x08004656   0x08004656   0x00000002   PAD
    0x08004658   0x08004658   0x00000018   Code   RO           50    i.HAL_UART_TxCpltCallback  main.o
    0x08004670   0x08004670   0x00000004   Code   RO          614    i.HardFault_Handler  stm32f4xx_it.o
    0x08004674   0x08004674   0x0000003e   Code   RO          871    i.IntToUnicode      usbd_desc.o
    0x080046b2   0x080046b2   0x00000002   PAD
    0x080046b4   0x080046b4   0x00000084   Code   RO           51    i.MX_CAN1_Init      main.o
    0x08004738   0x08004738   0x00000088   Code   RO           52    i.MX_CAN2_Init      main.o
    0x080047c0   0x080047c0   0x00000078   Code   RO           53    i.MX_DMA_Init       main.o
    0x08004838   0x08004838   0x00000160   Code   RO           54    i.MX_GPIO_Init      main.o
    0x08004998   0x08004998   0x00000044   Code   RO           55    i.MX_SPI1_Init      main.o
    0x080049dc   0x080049dc   0x00000038   Code   RO           56    i.MX_UART4_Init     main.o
    0x08004a14   0x08004a14   0x00000038   Code   RO           57    i.MX_USART1_UART_Init  main.o
    0x08004a4c   0x08004a4c   0x00000038   Code   RO           58    i.MX_USART2_UART_Init  main.o
    0x08004a84   0x08004a84   0x00000038   Code   RO           59    i.MX_USART3_UART_Init  main.o
    0x08004abc   0x08004abc   0x00000038   Code   RO           60    i.MX_USART6_UART_Init  main.o
    0x08004af4   0x08004af4   0x00000054   Code   RO          839    i.MX_USB_DEVICE_Init  usb_device.o
    0x08004b48   0x08004b48   0x00000004   Code   RO          615    i.MemManage_Handler  stm32f4xx_it.o
    0x08004b4c   0x08004b4c   0x00000004   Code   RO          616    i.NMI_Handler       stm32f4xx_it.o
    0x08004b50   0x08004b50   0x00000010   Code   RO          617    i.OTG_FS_IRQHandler  stm32f4xx_it.o
    0x08004b60   0x08004b60   0x00000048   Code   RO         1266    i.PCD_EP_OutSetupPacket_int  stm32f4xx_hal_pcd.o
    0x08004ba8   0x08004ba8   0x000000ec   Code   RO         1267    i.PCD_EP_OutXfrComplete_int  stm32f4xx_hal_pcd.o
    0x08004c94   0x08004c94   0x000000a2   Code   RO         1268    i.PCD_WriteEmptyTxFifo  stm32f4xx_hal_pcd.o
    0x08004d36   0x08004d36   0x00000002   PAD
    0x08004d38   0x08004d38   0x00000064   Code   RO           61    i.Parce_To_CAN_Command  main.o
    0x08004d9c   0x08004d9c   0x00000002   Code   RO           62    i.Parse_To_Confirm  main.o
    0x08004d9e   0x08004d9e   0x00000002   Code   RO           63    i.Parse_To_Error    main.o
    0x08004da0   0x08004da0   0x0000021c   Code   RO           64    i.Parse_To_GPS_Points  main.o
    0x08004fbc   0x08004fbc   0x00000038   Code   RO           65    i.Parse_To_Mode     main.o
    0x08004ff4   0x08004ff4   0x00000534   Code   RO           66    i.Parse_To_NMEA     main.o
    0x08005528   0x08005528   0x0000024c   Code   RO           67    i.Parse_To_RC_Command  main.o
    0x08005774   0x08005774   0x00000030   Code   RO           68    i.Parse_To_Total_Num_Coords  main.o
    0x080057a4   0x080057a4   0x0000002c   Code   RO           69    i.ReTransmitPacket  main.o
    0x080057d0   0x080057d0   0x00000020   Code   RO           70    i.SENDING_CAN       main.o
    0x080057f0   0x080057f0   0x000001dc   Code   RO           71    i.SENDING_COORDS    main.o
    0x080059cc   0x080059cc   0x00000078   Code   RO           72    i.STOP_MOVING       main.o
    0x08005a44   0x08005a44   0x0000006c   Code   RO           73    i.Set_Left_Joystick_poti  main.o
    0x08005ab0   0x08005ab0   0x0000009c   Code   RO           74    i.StartDefaultTask  main.o
    0x08005b4c   0x08005b4c   0x0000002c   Code   RO           75    i.StartGpsTask      main.o
    0x08005b78   0x08005b78   0x000000e4   Code   RO           76    i.StartLedTask      main.o
    0x08005c5c   0x08005c5c   0x00000020   Code   RO           77    i.StartRadioTask    main.o
    0x08005c7c   0x08005c7c   0x0000014c   Code   RO           78    i.StartUsartTask    main.o
    0x08005dc8   0x08005dc8   0x00000158   Code   RO           79    i.StartmyControlTask  main.o
    0x08005f20   0x08005f20   0x0000000c   Code   RO           80    i.StartmyMobileApplicationTask  main.o
    0x08005f2c   0x08005f2c   0x000000f0   Code   RO           81    i.StartmySendingServerDataTask  main.o
    0x0800601c   0x0800601c   0x000001ec   Code   RO           82    i.StartmySysTickTask  main.o
    0x08006208   0x08006208   0x0000001a   Code   RO         6066    i.SysTick_Handler   cmsis_os2.o
    0x08006222   0x08006222   0x00000002   PAD
    0x08006224   0x08006224   0x000000b4   Code   RO           83    i.SystemClock_Config  main.o
    0x080062d8   0x080062d8   0x00000010   Code   RO         4891    i.SystemInit        system_stm32f4xx.o
    0x080062e8   0x080062e8   0x00000010   Code   RO          618    i.TIM7_IRQHandler   stm32f4xx_it.o
    0x080062f8   0x080062f8   0x000000cc   Code   RO         3634    i.TIM_Base_SetConfig  stm32f4xx_hal_tim.o
    0x080063c4   0x080063c4   0x00000010   Code   RO          619    i.UART4_IRQHandler  stm32f4xx_it.o
    0x080063d4   0x080063d4   0x00000010   Code   RO         4565    i.UART_DMAAbortOnError  stm32f4xx_hal_uart.o
    0x080063e4   0x080063e4   0x0000004a   Code   RO         4566    i.UART_DMAError     stm32f4xx_hal_uart.o
    0x0800642e   0x0800642e   0x00000084   Code   RO         4567    i.UART_DMAReceiveCplt  stm32f4xx_hal_uart.o
    0x080064b2   0x080064b2   0x0000001a   Code   RO         4569    i.UART_DMARxHalfCplt  stm32f4xx_hal_uart.o
    0x080064cc   0x080064cc   0x0000004e   Code   RO         4575    i.UART_EndRxTransfer  stm32f4xx_hal_uart.o
    0x0800651a   0x0800651a   0x0000001a   Code   RO         4576    i.UART_EndTransmit_IT  stm32f4xx_hal_uart.o
    0x08006534   0x08006534   0x0000001c   Code   RO         4577    i.UART_EndTxTransfer  stm32f4xx_hal_uart.o
    0x08006550   0x08006550   0x000000c8   Code   RO         4578    i.UART_Receive_IT   stm32f4xx_hal_uart.o
    0x08006618   0x08006618   0x000000fc   Code   RO         4579    i.UART_SetConfig    stm32f4xx_hal_uart.o
    0x08006714   0x08006714   0x00000094   Code   RO         4580    i.UART_Start_Receive_DMA  stm32f4xx_hal_uart.o
    0x080067a8   0x080067a8   0x00000036   Code   RO         4581    i.UART_Start_Receive_IT  stm32f4xx_hal_uart.o
    0x080067de   0x080067de   0x0000005e   Code   RO         4582    i.UART_Transmit_IT  stm32f4xx_hal_uart.o
    0x0800683c   0x0800683c   0x00000010   Code   RO          620    i.USART1_IRQHandler  stm32f4xx_it.o
    0x0800684c   0x0800684c   0x00000010   Code   RO          621    i.USART2_IRQHandler  stm32f4xx_it.o
    0x0800685c   0x0800685c   0x00000010   Code   RO          622    i.USART3_IRQHandler  stm32f4xx_it.o
    0x0800686c   0x0800686c   0x00000010   Code   RO          623    i.USART6_IRQHandler  stm32f4xx_it.o
    0x0800687c   0x0800687c   0x00000068   Code   RO         7022    i.USBD_CDC_DataIn   usbd_cdc.o
    0x080068e4   0x080068e4   0x0000002e   Code   RO         7023    i.USBD_CDC_DataOut  usbd_cdc.o
    0x08006912   0x08006912   0x0000004a   Code   RO         7024    i.USBD_CDC_DeInit   usbd_cdc.o
    0x0800695c   0x0800695c   0x00000030   Code   RO         7025    i.USBD_CDC_EP0_RxReady  usbd_cdc.o
    0x0800698c   0x0800698c   0x0000000c   Code   RO         7026    i.USBD_CDC_GetDeviceQualifierDescriptor  usbd_cdc.o
    0x08006998   0x08006998   0x0000000c   Code   RO         7027    i.USBD_CDC_GetFSCfgDesc  usbd_cdc.o
    0x080069a4   0x080069a4   0x0000000c   Code   RO         7028    i.USBD_CDC_GetHSCfgDesc  usbd_cdc.o
    0x080069b0   0x080069b0   0x0000000c   Code   RO         7029    i.USBD_CDC_GetOtherSpeedCfgDesc  usbd_cdc.o
    0x080069bc   0x080069bc   0x000000c4   Code   RO         7030    i.USBD_CDC_Init     usbd_cdc.o
    0x08006a80   0x08006a80   0x00000032   Code   RO         7031    i.USBD_CDC_ReceivePacket  usbd_cdc.o
    0x08006ab2   0x08006ab2   0x00000010   Code   RO         7032    i.USBD_CDC_RegisterInterface  usbd_cdc.o
    0x08006ac2   0x08006ac2   0x00000014   Code   RO         7033    i.USBD_CDC_SetRxBuffer  usbd_cdc.o
    0x08006ad6   0x08006ad6   0x00000018   Code   RO         7034    i.USBD_CDC_SetTxBuffer  usbd_cdc.o
    0x08006aee   0x08006aee   0x000000fa   Code   RO         7035    i.USBD_CDC_Setup    usbd_cdc.o
    0x08006be8   0x08006be8   0x00000038   Code   RO         7036    i.USBD_CDC_TransmitPacket  usbd_cdc.o
    0x08006c20   0x08006c20   0x00000012   Code   RO         6726    i.USBD_ClrClassConfig  usbd_core.o
    0x08006c32   0x08006c32   0x00000026   Code   RO         6864    i.USBD_ClrFeature   usbd_ctlreq.o
    0x08006c58   0x08006c58   0x00000010   Code   RO         6962    i.USBD_CtlContinueRx  usbd_ioreq.o
    0x08006c68   0x08006c68   0x00000010   Code   RO         6963    i.USBD_CtlContinueSendData  usbd_ioreq.o
    0x08006c78   0x08006c78   0x00000018   Code   RO         6865    i.USBD_CtlError     usbd_ctlreq.o
    0x08006c90   0x08006c90   0x0000001e   Code   RO         6964    i.USBD_CtlPrepareRx  usbd_ioreq.o
    0x08006cae   0x08006cae   0x00000016   Code   RO         6965    i.USBD_CtlReceiveStatus  usbd_ioreq.o
    0x08006cc4   0x08006cc4   0x0000001a   Code   RO         6966    i.USBD_CtlSendData  usbd_ioreq.o
    0x08006cde   0x08006cde   0x00000016   Code   RO         6967    i.USBD_CtlSendStatus  usbd_ioreq.o
    0x08006cf4   0x08006cf4   0x00000030   Code   RO          872    i.USBD_FS_ConfigStrDescriptor  usbd_desc.o
    0x08006d24   0x08006d24   0x0000000c   Code   RO          873    i.USBD_FS_DeviceDescriptor  usbd_desc.o
    0x08006d30   0x08006d30   0x00000034   Code   RO          874    i.USBD_FS_InterfaceStrDescriptor  usbd_desc.o
    0x08006d64   0x08006d64   0x0000000c   Code   RO          875    i.USBD_FS_LangIDStrDescriptor  usbd_desc.o
    0x08006d70   0x08006d70   0x00000028   Code   RO          876    i.USBD_FS_ManufacturerStrDescriptor  usbd_desc.o
    0x08006d98   0x08006d98   0x0000003c   Code   RO          877    i.USBD_FS_ProductStrDescriptor  usbd_desc.o
    0x08006dd4   0x08006dd4   0x00000014   Code   RO          878    i.USBD_FS_SerialStrDescriptor  usbd_desc.o
    0x08006de8   0x08006de8   0x00000034   Code   RO         6866    i.USBD_GetConfig    usbd_ctlreq.o
    0x08006e1c   0x08006e1c   0x000001b4   Code   RO         6867    i.USBD_GetDescriptor  usbd_ctlreq.o
    0x08006fd0   0x08006fd0   0x00000018   Code   RO         6868    i.USBD_GetLen       usbd_ctlreq.o
    0x08006fe8   0x08006fe8   0x00000036   Code   RO         6869    i.USBD_GetStatus    usbd_ctlreq.o
    0x0800701e   0x0800701e   0x00000044   Code   RO         6870    i.USBD_GetString    usbd_ctlreq.o
    0x08007062   0x08007062   0x00000024   Code   RO         1039    i.USBD_Get_USB_Status  usbd_conf.o
    0x08007086   0x08007086   0x00000028   Code   RO         6728    i.USBD_Init         usbd_core.o
    0x080070ae   0x080070ae   0x00000012   Code   RO         1040    i.USBD_LL_ClearStallEP  usbd_conf.o
    0x080070c0   0x080070c0   0x00000012   Code   RO         1041    i.USBD_LL_CloseEP   usbd_conf.o
    0x080070d2   0x080070d2   0x000000bc   Code   RO         6729    i.USBD_LL_DataInStage  usbd_core.o
    0x0800718e   0x0800718e   0x00000070   Code   RO         6730    i.USBD_LL_DataOutStage  usbd_core.o
    0x080071fe   0x080071fe   0x00000004   Code   RO         6731    i.USBD_LL_DevConnected  usbd_core.o
    0x08007202   0x08007202   0x0000001a   Code   RO         6732    i.USBD_LL_DevDisconnected  usbd_core.o
    0x0800721c   0x0800721c   0x00000008   Code   RO         1045    i.USBD_LL_GetRxDataSize  usbd_conf.o
    0x08007224   0x08007224   0x00000060   Code   RO         1046    i.USBD_LL_Init      usbd_conf.o
    0x08007284   0x08007284   0x00000022   Code   RO         1047    i.USBD_LL_IsStallEP  usbd_conf.o
    0x080072a6   0x080072a6   0x00000022   Code   RO         6733    i.USBD_LL_IsoINIncomplete  usbd_core.o
    0x080072c8   0x080072c8   0x00000022   Code   RO         6734    i.USBD_LL_IsoOUTIncomplete  usbd_core.o
    0x080072ea   0x080072ea   0x00000018   Code   RO         1048    i.USBD_LL_OpenEP    usbd_conf.o
    0x08007302   0x08007302   0x00000012   Code   RO         1049    i.USBD_LL_PrepareReceive  usbd_conf.o
    0x08007314   0x08007314   0x0000005c   Code   RO         6735    i.USBD_LL_Reset     usbd_core.o
    0x08007370   0x08007370   0x00000014   Code   RO         6736    i.USBD_LL_Resume    usbd_core.o
    0x08007384   0x08007384   0x00000022   Code   RO         6737    i.USBD_LL_SOF       usbd_core.o
    0x080073a6   0x080073a6   0x00000006   Code   RO         6738    i.USBD_LL_SetSpeed  usbd_core.o
    0x080073ac   0x080073ac   0x00000012   Code   RO         1050    i.USBD_LL_SetUSBAddress  usbd_conf.o
    0x080073be   0x080073be   0x00000064   Code   RO         6739    i.USBD_LL_SetupStage  usbd_core.o
    0x08007422   0x08007422   0x00000012   Code   RO         1051    i.USBD_LL_StallEP   usbd_conf.o
    0x08007434   0x08007434   0x00000012   Code   RO         1052    i.USBD_LL_Start     usbd_conf.o
    0x08007446   0x08007446   0x00000012   Code   RO         6740    i.USBD_LL_Suspend   usbd_core.o
    0x08007458   0x08007458   0x00000012   Code   RO         1054    i.USBD_LL_Transmit  usbd_conf.o
    0x0800746a   0x0800746a   0x00000032   Code   RO         6871    i.USBD_ParseSetupRequest  usbd_ctlreq.o
    0x0800749c   0x0800749c   0x00000024   Code   RO         6741    i.USBD_RegisterClass  usbd_core.o
    0x080074c0   0x080074c0   0x00000004   Code   RO         6742    i.USBD_RunTestMode  usbd_core.o
    0x080074c4   0x080074c4   0x00000058   Code   RO         6872    i.USBD_SetAddress   usbd_ctlreq.o
    0x0800751c   0x0800751c   0x00000014   Code   RO         6743    i.USBD_SetClassConfig  usbd_core.o
    0x08007530   0x08007530   0x000000d8   Code   RO         6873    i.USBD_SetConfig    usbd_ctlreq.o
    0x08007608   0x08007608   0x00000010   Code   RO         6874    i.USBD_SetFeature   usbd_ctlreq.o
    0x08007618   0x08007618   0x00000004   Code   RO         6744    i.USBD_Start        usbd_core.o
    0x0800761c   0x0800761c   0x00000084   Code   RO         6875    i.USBD_StdDevReq    usbd_ctlreq.o
    0x080076a0   0x080076a0   0x000001e8   Code   RO         6876    i.USBD_StdEPReq     usbd_ctlreq.o
    0x08007888   0x08007888   0x0000006e   Code   RO         6877    i.USBD_StdItfReq    usbd_ctlreq.o
    0x080078f6   0x080078f6   0x00000002   Code   RO         1055    i.USBD_static_free  usbd_conf.o
    0x080078f8   0x080078f8   0x00000008   Code   RO         1056    i.USBD_static_malloc  usbd_conf.o
    0x08007900   0x08007900   0x0000009c   Code   RO         1507    i.USB_ActivateEndpoint  stm32f4xx_ll_usb.o
    0x0800799c   0x0800799c   0x0000001c   Code   RO         1509    i.USB_ActivateSetup  stm32f4xx_ll_usb.o
    0x080079b8   0x080079b8   0x0000007e   Code   RO         1511    i.USB_CoreInit      stm32f4xx_ll_usb.o
    0x08007a36   0x08007a36   0x00000002   PAD
    0x08007a38   0x08007a38   0x0000004c   Code   RO         1512    i.USB_CoreReset     stm32f4xx_ll_usb.o
    0x08007a84   0x08007a84   0x000000dc   Code   RO         1515    i.USB_DeactivateEndpoint  stm32f4xx_ll_usb.o
    0x08007b60   0x08007b60   0x0000001c   Code   RO         1516    i.USB_DevConnect    stm32f4xx_ll_usb.o
    0x08007b7c   0x08007b7c   0x0000001c   Code   RO         1517    i.USB_DevDisconnect  stm32f4xx_ll_usb.o
    0x08007b98   0x08007b98   0x00000178   Code   RO         1518    i.USB_DevInit       stm32f4xx_ll_usb.o
    0x08007d10   0x08007d10   0x0000000c   Code   RO         1519    i.USB_DisableGlobalInt  stm32f4xx_ll_usb.o
    0x08007d1c   0x08007d1c   0x0000012a   Code   RO         1522    i.USB_EP0StartXfer  stm32f4xx_ll_usb.o
    0x08007e46   0x08007e46   0x00000002   PAD
    0x08007e48   0x08007e48   0x00000060   Code   RO         1523    i.USB_EP0_OutStart  stm32f4xx_ll_usb.o
    0x08007ea8   0x08007ea8   0x00000058   Code   RO         1524    i.USB_EPClearStall  stm32f4xx_ll_usb.o
    0x08007f00   0x08007f00   0x0000005e   Code   RO         1525    i.USB_EPSetStall    stm32f4xx_ll_usb.o
    0x08007f5e   0x08007f5e   0x00000228   Code   RO         1526    i.USB_EPStartXfer   stm32f4xx_ll_usb.o
    0x08008186   0x08008186   0x0000000c   Code   RO         1527    i.USB_EnableGlobalInt  stm32f4xx_ll_usb.o
    0x08008192   0x08008192   0x00000002   PAD
    0x08008194   0x08008194   0x00000030   Code   RO         1528    i.USB_FlushRxFifo   stm32f4xx_ll_usb.o
    0x080081c4   0x080081c4   0x00000034   Code   RO         1529    i.USB_FlushTxFifo   stm32f4xx_ll_usb.o
    0x080081f8   0x080081f8   0x00000020   Code   RO         1531    i.USB_GetDevSpeed   stm32f4xx_ll_usb.o
    0x08008218   0x08008218   0x00000008   Code   RO         1533    i.USB_GetMode       stm32f4xx_ll_usb.o
    0x08008220   0x08008220   0x0000000e   Code   RO         1540    i.USB_ReadDevAllInEpInterrupt  stm32f4xx_ll_usb.o
    0x0800822e   0x0800822e   0x0000000e   Code   RO         1541    i.USB_ReadDevAllOutEpInterrupt  stm32f4xx_ll_usb.o
    0x0800823c   0x0800823c   0x00000024   Code   RO         1542    i.USB_ReadDevInEPInterrupt  stm32f4xx_ll_usb.o
    0x08008260   0x08008260   0x00000010   Code   RO         1543    i.USB_ReadDevOutEPInterrupt  stm32f4xx_ll_usb.o
    0x08008270   0x08008270   0x00000008   Code   RO         1544    i.USB_ReadInterrupts  stm32f4xx_ll_usb.o
    0x08008278   0x08008278   0x00000048   Code   RO         1545    i.USB_ReadPacket    stm32f4xx_ll_usb.o
    0x080082c0   0x080082c0   0x00000060   Code   RO         1547    i.USB_SetCurrentMode  stm32f4xx_ll_usb.o
    0x08008320   0x08008320   0x00000022   Code   RO         1548    i.USB_SetDevAddress  stm32f4xx_ll_usb.o
    0x08008342   0x08008342   0x0000000e   Code   RO         1549    i.USB_SetDevSpeed   stm32f4xx_ll_usb.o
    0x08008350   0x08008350   0x000000f4   Code   RO         1550    i.USB_SetTurnaroundTime  stm32f4xx_ll_usb.o
    0x08008444   0x08008444   0x00000034   Code   RO         1553    i.USB_WritePacket   stm32f4xx_ll_usb.o
    0x08008478   0x08008478   0x00000004   Code   RO          624    i.UsageFault_Handler  stm32f4xx_it.o
    0x0800847c   0x0800847c   0x00000030   Code   RO         7382    i.__ARM_fpclassify  m_wm.l(fpclassify.o)
    0x080084ac   0x080084ac   0x00000004   PAD
    0x080084b0   0x080084b0   0x000002d8   Code   RO         7351    i.__hardfp_atan     m_wm.l(atan.o)
    0x08008788   0x08008788   0x000001f0   Code   RO         7192    i.__hardfp_atan2    m_wm.l(atan2.o)
    0x08008978   0x08008978   0x00000014   Code   RO         7204    i.__hardfp_fabs     m_wm.l(fabs.o)
    0x0800898c   0x0800898c   0x00000004   PAD
    0x08008990   0x08008990   0x000003c4   Code   RO         7210    i.__hardfp_log      m_wm.l(log.o)
    0x08008d54   0x08008d54   0x00000004   PAD
    0x08008d58   0x08008d58   0x00000c50   Code   RO         7224    i.__hardfp_pow      m_wm.l(pow.o)
    0x080099a8   0x080099a8   0x0000009a   Code   RO         7274    i.__hardfp_roundf   m_wm.l(roundf.o)
    0x08009a42   0x08009a42   0x00000006   PAD
    0x08009a48   0x08009a48   0x000000c8   Code   RO         7238    i.__hardfp_sin      m_wm.l(sin.o)
    0x08009b10   0x08009b10   0x0000007a   Code   RO         7250    i.__hardfp_sqrt     m_wm.l(sqrt.o)
    0x08009b8a   0x08009b8a   0x00000006   PAD
    0x08009b90   0x08009b90   0x00000080   Code   RO         7262    i.__hardfp_tan      m_wm.l(tan.o)
    0x08009c10   0x08009c10   0x00000438   Code   RO         7387    i.__ieee754_rem_pio2  m_wm.l(rred.o)
    0x0800a048   0x0800a048   0x00000170   Code   RO         7365    i.__kernel_cos      m_wm.l(cos_i.o)
    0x0800a1b8   0x0800a1b8   0x000000f8   Code   RO         7384    i.__kernel_poly     m_wm.l(poly.o)
    0x0800a2b0   0x0800a2b0   0x00000130   Code   RO         7392    i.__kernel_sin      m_wm.l(sin_i.o)
    0x0800a3e0   0x0800a3e0   0x00000350   Code   RO         7398    i.__kernel_tan      m_wm.l(tan_i.o)
    0x0800a730   0x0800a730   0x00000030   Code   RO         7368    i.__mathlib_dbl_divzero  m_wm.l(dunder.o)
    0x0800a760   0x0800a760   0x00000014   Code   RO         7369    i.__mathlib_dbl_infnan  m_wm.l(dunder.o)
    0x0800a774   0x0800a774   0x00000014   Code   RO         7370    i.__mathlib_dbl_infnan2  m_wm.l(dunder.o)
    0x0800a788   0x0800a788   0x00000020   Code   RO         7371    i.__mathlib_dbl_invalid  m_wm.l(dunder.o)
    0x0800a7a8   0x0800a7a8   0x00000020   Code   RO         7372    i.__mathlib_dbl_overflow  m_wm.l(dunder.o)
    0x0800a7c8   0x0800a7c8   0x00000020   Code   RO         7374    i.__mathlib_dbl_underflow  m_wm.l(dunder.o)
    0x0800a7e8   0x0800a7e8   0x00000010   Code   RO         7353    i.atan              m_wm.l(atan.o)
    0x0800a7f8   0x0800a7f8   0x000000d4   Code   RO           84    i.char_to_int       main.o
    0x0800a8cc   0x0800a8cc   0x00000016   Code   RO           86    i.clear_RXBuffer    main.o
    0x0800a8e2   0x0800a8e2   0x0000003e   Code   RO           87    i.crc8              main.o
    0x0800a920   0x0800a920   0x00000018   Code   RO         7206    i.fabs              m_wm.l(fabs.o)
    0x0800a938   0x0800a938   0x000000c0   Code   RO           88    i.filter            main.o
    0x0800a9f8   0x0800a9f8   0x00000130   Code   RO           89    i.getting_data      main.o
    0x0800ab28   0x0800ab28   0x0000016c   Code   RO           91    i.main              main.o
    0x0800ac94   0x0800ac94   0x0000001e   Code   RO         6068    i.osDelay           cmsis_os2.o
    0x0800acb2   0x0800acb2   0x00000002   PAD
    0x0800acb4   0x0800acb4   0x00000028   Code   RO         6082    i.osKernelInitialize  cmsis_os2.o
    0x0800acdc   0x0800acdc   0x00000038   Code   RO         6085    i.osKernelStart     cmsis_os2.o
    0x0800ad14   0x0800ad14   0x00000088   Code   RO         6102    i.osMessageQueueNew  cmsis_os2.o
    0x0800ad9c   0x0800ad9c   0x000000bc   Code   RO         6127    i.osThreadNew       cmsis_os2.o
    0x0800ae58   0x0800ae58   0x00000060   Code   RO         5506    i.prvAddCurrentTaskToDelayedList  tasks.o
    0x0800aeb8   0x0800aeb8   0x00000088   Code   RO         5507    i.prvAddNewTaskToReadyList  tasks.o
    0x0800af40   0x0800af40   0x0000005c   Code   RO         5882    i.prvCheckForValidListAndQueue  timers.o
    0x0800af9c   0x0800af9c   0x00000040   Code   RO         5508    i.prvCheckTasksWaitingTermination  tasks.o
    0x0800afdc   0x0800afdc   0x00000024   Code   RO         5096    i.prvCopyDataFromQueue  queue.o
    0x0800b000   0x0800b000   0x0000006e   Code   RO         5097    i.prvCopyDataToQueue  queue.o
    0x0800b06e   0x0800b06e   0x00000040   Code   RO         5509    i.prvDeleteTCB      tasks.o
    0x0800b0ae   0x0800b0ae   0x00000002   PAD
    0x0800b0b0   0x0800b0b0   0x00000024   Code   RO         5883    i.prvGetNextExpireTime  timers.o
    0x0800b0d4   0x0800b0d4   0x00000050   Code   RO         6591    i.prvHeapInit       heap_4.o
    0x0800b124   0x0800b124   0x00000028   Code   RO         5510    i.prvIdleTask       tasks.o
    0x0800b14c   0x0800b14c   0x00000022   Code   RO         5100    i.prvInitialiseNewQueue  queue.o
    0x0800b16e   0x0800b16e   0x00000094   Code   RO         5511    i.prvInitialiseNewTask  tasks.o
    0x0800b202   0x0800b202   0x00000002   PAD
    0x0800b204   0x0800b204   0x00000060   Code   RO         5512    i.prvInitialiseTaskLists  tasks.o
    0x0800b264   0x0800b264   0x0000005c   Code   RO         6592    i.prvInsertBlockIntoFreeList  heap_4.o
    0x0800b2c0   0x0800b2c0   0x00000048   Code   RO         5885    i.prvInsertTimerInActiveList  timers.o
    0x0800b308   0x0800b308   0x0000001a   Code   RO         5101    i.prvIsQueueEmpty   queue.o
    0x0800b322   0x0800b322   0x0000001e   Code   RO         5102    i.prvIsQueueFull    queue.o
    0x0800b340   0x0800b340   0x00000068   Code   RO         5886    i.prvProcessExpiredTimer  timers.o
    0x0800b3a8   0x0800b3a8   0x00000110   Code   RO         5887    i.prvProcessReceivedCommands  timers.o
    0x0800b4b8   0x0800b4b8   0x0000006c   Code   RO         5888    i.prvProcessTimerOrBlockTask  timers.o
    0x0800b524   0x0800b524   0x00000024   Code   RO         5514    i.prvResetNextTaskUnblockTime  tasks.o
    0x0800b548   0x0800b548   0x0000002c   Code   RO         5889    i.prvSampleTimeNow  timers.o
    0x0800b574   0x0800b574   0x00000078   Code   RO         5890    i.prvSwitchTimerLists  timers.o
    0x0800b5ec   0x0800b5ec   0x00000030   Code   RO         6647    i.prvTaskExitError  port.o
    0x0800b61c   0x0800b61c   0x00000014   Code   RO         5891    i.prvTimerTask      timers.o
    0x0800b630   0x0800b630   0x00000068   Code   RO         5103    i.prvUnlockQueue    queue.o
    0x0800b698   0x0800b698   0x000000e8   Code   RO         6593    i.pvPortMalloc      heap_4.o
    0x0800b780   0x0800b780   0x0000002c   Code   RO         6648    i.pxPortInitialiseStack  port.o
    0x0800b7ac   0x0800b7ac   0x000000c4   Code   RO           92    i.run_RC_drive      main.o
    0x0800b870   0x0800b870   0x000009ec   Code   RO           93    i.run_gps_drive     main.o
    0x0800c25c   0x0800c25c   0x0000006e   Code   RO         7252    i.sqrt              m_wm.l(sqrt.o)
    0x0800c2ca   0x0800c2ca   0x00000026   Code   RO         5056    i.uxListRemove      list.o
    0x0800c2f0   0x0800c2f0   0x00000026   Code   RO         5106    i.uxQueueMessagesWaiting  queue.o
    0x0800c316   0x0800c316   0x00000002   PAD
    0x0800c318   0x0800c318   0x00000014   Code   RO         6139    i.vApplicationGetIdleTaskMemory  cmsis_os2.o
    0x0800c32c   0x0800c32c   0x00000018   Code   RO         6140    i.vApplicationGetTimerTaskMemory  cmsis_os2.o
    0x0800c344   0x0800c344   0x00000016   Code   RO         5057    i.vListInitialise   list.o
    0x0800c35a   0x0800c35a   0x00000006   Code   RO         5058    i.vListInitialiseItem  list.o
    0x0800c360   0x0800c360   0x00000036   Code   RO         5059    i.vListInsert       list.o
    0x0800c396   0x0800c396   0x00000018   Code   RO         5060    i.vListInsertEnd    list.o
    0x0800c3ae   0x0800c3ae   0x00000002   PAD
    0x0800c3b0   0x0800c3b0   0x00000040   Code   RO         6650    i.vPortEnterCritical  port.o
    0x0800c3f0   0x0800c3f0   0x0000002c   Code   RO         6651    i.vPortExitCritical  port.o
    0x0800c41c   0x0800c41c   0x00000064   Code   RO         6594    i.vPortFree         heap_4.o
    0x0800c480   0x0800c480   0x00000024   Code   RO         6652    i.vPortSetupTimerInterrupt  port.o
    0x0800c4a4   0x0800c4a4   0x00000054   Code   RO         6653    i.vPortValidateInterruptPriority  port.o
    0x0800c4f8   0x0800c4f8   0x00000028   Code   RO         5109    i.vQueueAddToRegistry  queue.o
    0x0800c520   0x0800c520   0x0000004a   Code   RO         5113    i.vQueueWaitForMessageRestricted  queue.o
    0x0800c56a   0x0800c56a   0x00000002   PAD
    0x0800c56c   0x0800c56c   0x00000050   Code   RO         5527    i.vTaskDelay        tasks.o
    0x0800c5bc   0x0800c5bc   0x00000010   Code   RO         5532    i.vTaskInternalSetTimeOutState  tasks.o
    0x0800c5cc   0x0800c5cc   0x0000000c   Code   RO         5533    i.vTaskMissedYield  tasks.o
    0x0800c5d8   0x0800c5d8   0x00000034   Code   RO         5535    i.vTaskPlaceOnEventList  tasks.o
    0x0800c60c   0x0800c60c   0x0000003c   Code   RO         5536    i.vTaskPlaceOnEventListRestricted  tasks.o
    0x0800c648   0x0800c648   0x00000090   Code   RO         5544    i.vTaskStartScheduler  tasks.o
    0x0800c6d8   0x0800c6d8   0x00000010   Code   RO         5546    i.vTaskSuspendAll   tasks.o
    0x0800c6e8   0x0800c6e8   0x0000006c   Code   RO         5547    i.vTaskSwitchContext  tasks.o
    0x0800c754   0x0800c754   0x0000000c   Code   RO         6597    i.xPortGetFreeHeapSize  heap_4.o
    0x0800c760   0x0800c760   0x00000104   Code   RO         6654    i.xPortStartScheduler  port.o
    0x0800c864   0x0800c864   0x0000002c   Code   RO         6655    i.xPortSysTickHandler  port.o
    0x0800c890   0x0800c890   0x00000044   Code   RO         5118    i.xQueueGenericCreate  queue.o
    0x0800c8d4   0x0800c8d4   0x00000070   Code   RO         5119    i.xQueueGenericCreateStatic  queue.o
    0x0800c944   0x0800c944   0x00000090   Code   RO         5120    i.xQueueGenericReset  queue.o
    0x0800c9d4   0x0800c9d4   0x00000170   Code   RO         5121    i.xQueueGenericSend  queue.o
    0x0800cb44   0x0800cb44   0x000000be   Code   RO         5122    i.xQueueGenericSendFromISR  queue.o
    0x0800cc02   0x0800cc02   0x00000002   PAD
    0x0800cc04   0x0800cc04   0x00000148   Code   RO         5131    i.xQueueReceive     queue.o
    0x0800cd4c   0x0800cd4c   0x00000080   Code   RO         5549    i.xTaskCheckForTimeOut  tasks.o
    0x0800cdcc   0x0800cdcc   0x0000006c   Code   RO         5550    i.xTaskCreate       tasks.o
    0x0800ce38   0x0800ce38   0x00000060   Code   RO         5551    i.xTaskCreateStatic  tasks.o
    0x0800ce98   0x0800ce98   0x0000001c   Code   RO         5555    i.xTaskGetSchedulerState  tasks.o
    0x0800ceb4   0x0800ceb4   0x0000000c   Code   RO         5556    i.xTaskGetTickCount  tasks.o
    0x0800cec0   0x0800cec0   0x000000cc   Code   RO         5558    i.xTaskIncrementTick  tasks.o
    0x0800cf8c   0x0800cf8c   0x00000080   Code   RO         5561    i.xTaskPriorityDisinherit  tasks.o
    0x0800d00c   0x0800d00c   0x00000078   Code   RO         5563    i.xTaskRemoveFromEventList  tasks.o
    0x0800d084   0x0800d084   0x000000cc   Code   RO         5564    i.xTaskResumeAll    tasks.o
    0x0800d150   0x0800d150   0x00000068   Code   RO         5900    i.xTimerCreateTimerTask  timers.o
    0x0800d1b8   0x0800d1b8   0x00000074   Code   RO         5901    i.xTimerGenericCommand  timers.o
    0x0800d22c   0x0800d22c   0x00000018   Code   RO         7334    x$fpl$basic         fz_wm.l(basic.o)
    0x0800d244   0x0800d244   0x00000062   Code   RO         7154    x$fpl$d2f           fz_wm.l(d2f.o)
    0x0800d2a6   0x0800d2a6   0x00000002   PAD
    0x0800d2a8   0x0800d2a8   0x00000150   Code   RO         7156    x$fpl$dadd          fz_wm.l(daddsub_clz.o)
    0x0800d3f8   0x0800d3f8   0x00000010   Code   RO         7428    x$fpl$dcheck1       fz_wm.l(dcheck1.o)
    0x0800d408   0x0800d408   0x00000018   Code   RO         7336    x$fpl$dcmpinf       fz_wm.l(dcmpi.o)
    0x0800d420   0x0800d420   0x000002b0   Code   RO         7163    x$fpl$ddiv          fz_wm.l(ddiv.o)
    0x0800d6d0   0x0800d6d0   0x00000078   Code   RO         7166    x$fpl$deqf          fz_wm.l(deqf.o)
    0x0800d748   0x0800d748   0x0000005e   Code   RO         7168    x$fpl$dfix          fz_wm.l(dfix.o)
    0x0800d7a6   0x0800d7a6   0x0000002e   Code   RO         7177    x$fpl$dflt          fz_wm.l(dflt_clz.o)
    0x0800d7d4   0x0800d7d4   0x00000026   Code   RO         7176    x$fpl$dfltu         fz_wm.l(dflt_clz.o)
    0x0800d7fa   0x0800d7fa   0x00000002   PAD
    0x0800d7fc   0x0800d7fc   0x0000008a   Code   RO         7183    x$fpl$dfltull       fz_wm.l(dfltll_clz.o)
    0x0800d886   0x0800d886   0x00000002   PAD
    0x0800d888   0x0800d888   0x00000078   Code   RO         7186    x$fpl$dleqf         fz_wm.l(dleqf.o)
    0x0800d900   0x0800d900   0x00000154   Code   RO         7188    x$fpl$dmul          fz_wm.l(dmul.o)
    0x0800da54   0x0800da54   0x0000009c   Code   RO         7338    x$fpl$dnaninf       fz_wm.l(dnaninf.o)
    0x0800daf0   0x0800daf0   0x0000000c   Code   RO         7340    x$fpl$dretinf       fz_wm.l(dretinf.o)
    0x0800dafc   0x0800dafc   0x0000006c   Code   RO         7190    x$fpl$drleqf        fz_wm.l(drleqf.o)
    0x0800db68   0x0800db68   0x00000016   Code   RO         7157    x$fpl$drsb          fz_wm.l(daddsub_clz.o)
    0x0800db7e   0x0800db7e   0x00000002   PAD
    0x0800db80   0x0800db80   0x00000198   Code   RO         7342    x$fpl$dsqrt         fz_wm.l(dsqrt_umaal.o)
    0x0800dd18   0x0800dd18   0x000001d4   Code   RO         7158    x$fpl$dsub          fz_wm.l(daddsub_clz.o)
    0x0800deec   0x0800deec   0x0000008c   Code   RO         7430    x$fpl$fnaninf       fz_wm.l(fnaninf.o)
    0x0800df78   0x0800df78   0x0000000a   Code   RO         7432    x$fpl$fpinit        fz_wm.l(fpinit.o)
    0x0800df82   0x0800df82   0x0000000a   Code   RO         7344    x$fpl$fretinf       fz_wm.l(fretinf.o)
    0x0800df8c   0x0800df8c   0x00000060   Code   RO         7346    x$fpl$frnd          fz_wm.l(frnd.o)
    0x0800dfec   0x0800dfec   0x00000078   Code   RO         7172    x$fpl$llufromd      fz_wm.l(dfixull.o)
    0x0800e064   0x0800e064   0x00000064   Code   RO         7455    x$fpl$retnan        fz_wm.l(retnan.o)
    0x0800e0c8   0x0800e0c8   0x0000005c   Code   RO         7348    x$fpl$scalbn        fz_wm.l(scalbn.o)
    0x0800e124   0x0800e124   0x00000030   Code   RO         7473    x$fpl$trapveneer    fz_wm.l(trapv.o)
    0x0800e154   0x0800e154   0x00000000   Code   RO         7350    x$fpl$usenofp       fz_wm.l(usenofp.o)
    0x0800e154   0x0800e154   0x00000004   PAD
    0x0800e158   0x0800e158   0x0000018a   Data   RO           95    .constdata          main.o
    0x0800e2e2   0x0800e2e2   0x00000008   Data   RO         2330    .constdata          stm32f4xx_hal_dma.o
    0x0800e2ea   0x0800e2ea   0x00000010   Data   RO         4892    .constdata          system_stm32f4xx.o
    0x0800e2fa   0x0800e2fa   0x00000008   Data   RO         4893    .constdata          system_stm32f4xx.o
    0x0800e302   0x0800e302   0x00000006   PAD
    0x0800e308   0x0800e308   0x00000038   Data   RO         7213    .constdata          m_wm.l(log.o)
    0x0800e340   0x0800e340   0x00000088   Data   RO         7227    .constdata          m_wm.l(pow.o)
    0x0800e3c8   0x0800e3c8   0x00000098   Data   RO         7354    .constdata          m_wm.l(atan.o)
    0x0800e460   0x0800e460   0x00000030   Data   RO         7366    .constdata          m_wm.l(cos_i.o)
    0x0800e490   0x0800e490   0x00000008   Data   RO         7386    .constdata          m_wm.l(qnan.o)
    0x0800e498   0x0800e498   0x000000c8   Data   RO         7389    .constdata          m_wm.l(rred.o)
    0x0800e560   0x0800e560   0x00000028   Data   RO         7393    .constdata          m_wm.l(sin_i.o)
    0x0800e588   0x0800e588   0x00000060   Data   RO         7399    .constdata          m_wm.l(tan_i.o)
    0x0800e5e8   0x0800e5e8   0x00000090   Data   RO           96    .conststring        main.o
    0x0800e678   0x0800e678   0x00000020   Data   RO         7530    Region$$Table       anon$$obj.o


    Execution Region RW_IRAM2 (Exec base: 0x10000000, Load base: 0x0800e7a8, Size: 0x00000000, Max: 0x00010000, ABSOLUTE)

    **** No section assigned to this execution region ****


    Execution Region RW_IRAM1 (Exec base: 0x20000000, Load base: 0x0800e698, Size: 0x00008340, Max: 0x00020000, ABSOLUTE, COMPRESSED[0x00000110])

    Exec Addr    Load Addr    Size         Type   Attr      Idx    E Section Name        Object

    0x20000000   COMPRESSED   0x00000318   Data   RW           97    .data               main.o
    0x20000318   COMPRESSED   0x00000004   Data   RW          744    .data               stm32f4xx_hal_msp.o
    0x2000031c   COMPRESSED   0x0000001c   Data   RW          880    .data               usbd_desc.o
    0x20000338   COMPRESSED   0x00000032   Data   RW          881    .data               usbd_desc.o
    0x2000036a   COMPRESSED   0x00000001   Data   RW          968    .data               usbd_cdc_if.o
    0x2000036b   COMPRESSED   0x00000005   PAD
    0x20000370   COMPRESSED   0x00000010   Data   RW          969    .data               usbd_cdc_if.o
    0x20000380   COMPRESSED   0x00000014   Data   RW          970    .data               usbd_cdc_if.o
    0x20000394   COMPRESSED   0x0000000c   Data   RW         2752    .data               stm32f4xx_hal.o
    0x200003a0   COMPRESSED   0x00000004   Data   RW         4894    .data               system_stm32f4xx.o
    0x200003a4   COMPRESSED   0x0000003c   Data   RW         5567    .data               tasks.o
    0x200003e0   COMPRESSED   0x00000014   Data   RW         5909    .data               timers.o
    0x200003f4   COMPRESSED   0x00000004   Data   RW         6142    .data               cmsis_os2.o
    0x200003f8   COMPRESSED   0x00000020   Data   RW         6600    .data               heap_4.o
    0x20000418   COMPRESSED   0x0000000c   Data   RW         6656    .data               port.o
    0x20000424   COMPRESSED   0x00000001   Data   RW         6878    .data               usbd_ctlreq.o
    0x20000425   COMPRESSED   0x00000003   PAD
    0x20000428   COMPRESSED   0x000000d7   Data   RW         7037    .data               usbd_cdc.o
    0x200004ff   COMPRESSED   0x00000001   PAD
    0x20000500   COMPRESSED   0x00000038   Data   RW         7038    .data               usbd_cdc.o
    0x20000538        -       0x00000ec7   Zero   RW           94    .bss                main.o
    0x200013ff   COMPRESSED   0x00000001   PAD
    0x20001400        -       0x00000048   Zero   RW          803    .bss                stm32f4xx_hal_timebase_tim.o
    0x20001448        -       0x000002d0   Zero   RW          840    .bss                usb_device.o
    0x20001718        -       0x00000200   Zero   RW          879    .bss                usbd_desc.o
    0x20001918        -       0x000013e8   Zero   RW          967    .bss                usbd_cdc_if.o
    0x20002d00        -       0x00000628   Zero   RW         1057    .bss                usbd_conf.o
    0x20003328        -       0x00000040   Zero   RW         5135    .bss                queue.o
    0x20003368        -       0x000004c4   Zero   RW         5566    .bss                tasks.o
    0x2000382c        -       0x00000118   Zero   RW         5908    .bss                timers.o
    0x20003944        -       0x000006b8   Zero   RW         6141    .bss                cmsis_os2.o
    0x20003ffc        -       0x00003c00   Zero   RW         6599    .bss                heap_4.o
    0x20007bfc        -       0x000000e4   Zero   RW         7135    .bss                c_w.l(rand.o)
    0x20007ce0        -       0x00000060   Zero   RW         7435    .bss                c_w.l(libspace.o)
    0x20007d40        -       0x00000200   Zero   RW            2    HEAP                startup_stm32f407xx.o
    0x20007f40        -       0x00000400   Zero   RW            1    STACK               startup_stm32f407xx.o


==============================================================================

Image component sizes


      Code (inc. data)   RO Data    RW Data    ZI Data      Debug   Object Name

         0          0          0          0          0       4900   base64.o
       520         24          0          4       1720      66047   cmsis_os2.o
         0          0          0          0          0      19484   event_groups.o
       516         38          0         32      15360       5662   heap_4.o
       144          0          0          0          0       3626   list.o
     14464       1812        538        792       3783     781991   main.o
       814         92          0         12          0      11737   port.o
      1702         24          0          0         64      19795   queue.o
        64         26        392          0       1536        852   startup_stm32f407xx.o
       120         20          0         12          0       8762   stm32f4xx_hal.o
      2006          6          0          0          0      15130   stm32f4xx_hal_can.o
       168         12          0          0          0      32870   stm32f4xx_hal_cortex.o
      1272         18          8          0          0       7562   stm32f4xx_hal_dma.o
       590         22          0          0          0       3017   stm32f4xx_hal_gpio.o
      1440        100          0          4          0       4272   stm32f4xx_hal_msp.o
      2506         12          0          0          0      13529   stm32f4xx_hal_pcd.o
        84          0          0          0          0       2577   stm32f4xx_hal_pcd_ex.o
      1778        108          0          0          0       7225   stm32f4xx_hal_rcc.o
       190          0          0          0          0       1219   stm32f4xx_hal_spi.o
       816         22          0          0          0       6642   stm32f4xx_hal_tim.o
         4          0          0          0          0       1585   stm32f4xx_hal_tim_ex.o
       140         18          0          0         72       1487   stm32f4xx_hal_timebase_tim.o
      2110         22          0          0          0      16308   stm32f4xx_hal_uart.o
       214         72          0          0          0       8916   stm32f4xx_it.o
      2930        102          0          0          0      23994   stm32f4xx_ll_usb.o
        16          4         24          4          0       1151   system_stm32f4xx.o
      2196        194          0         60       1220      28078   tasks.o
      1088         94          0         20        280      30763   timers.o
        84         18          0          0        720        824   usb_device.o
       932         16          0        271          0      14117   usbd_cdc.o
       188         30          0         37       5096       4596   usbd_cdc_if.o
       660         28          0          0       1576      17064   usbd_conf.o
       790          0          0          0          0      13425   usbd_core.o
      1796         28          0          1          0      17564   usbd_ctlreq.o
       362        110          0         78        512       7025   usbd_desc.o
       132          0          0          0          0       4568   usbd_ioreq.o

    ----------------------------------------------------------------------
     42886       3072       1000       1336      31940    1208364   Object Totals
         0          0         32          0          0          0   (incl. Generated)
        50          0          6          9          1          0   (incl. Padding)

    ----------------------------------------------------------------------

      Code (inc. data)   RO Data    RW Data    ZI Data      Debug   Library Member Name

        90          0          0          0          0          0   __dczerorl2.o
         8          0          0          0          0         68   __main.o
         0          0          0          0          0          0   __rtentry.o
        12          0          0          0          0          0   __rtentry2.o
         6          0          0          0          0          0   __rtentry4.o
        52          8          0          0          0          0   __scatter.o
        28          0          0          0          0          0   __scatter_zi.o
        22          0          0          0          0        100   _rserrno.o
        16          0          0          0          0         68   aeabi_memset.o
        18          0          0          0          0         80   exit.o
         6          0          0          0          0        152   heapauxi.o
         0          0          0          0          0          0   indicate_semi.o
         2          0          0          0          0          0   libinit.o
        10          0          0          0          0          0   libinit2.o
         2          0          0          0          0          0   libshutdown.o
         2          0          0          0          0          0   libshutdown2.o
         8          4          0          0         96         68   libspace.o
        38          0          0          0          0         68   llshl.o
       238          0          0          0          0        100   lludivv7m.o
        38          0          0          0          0         68   llushr.o
       112         18          0          0        228        160   rand.o
         8          4          0          0          0         68   rt_errno_addr_intlibspace.o
        68          0          0          0          0         68   rt_memclr.o
        78          0          0          0          0         80   rt_memclr_w.o
       138          0          0          0          0         68   rt_memcpy_v6.o
       100          0          0          0          0         80   rt_memcpy_w.o
         2          0          0          0          0          0   rtexit.o
        10          0          0          0          0          0   rtexit2.o
        62          0          0          0          0         76   strlen.o
        36          0          0          0          0         80   strstr.o
        12          4          0          0          0         68   sys_exit.o
        74          0          0          0          0         80   sys_stackheap_outer.o
         2          0          0          0          0         68   use_no_semi.o
        24          0          0          0          0        164   basic.o
        98          4          0          0          0        140   d2f.o
       826         16          0          0          0        492   daddsub_clz.o
        16          4          0          0          0        116   dcheck1.o
        24          0          0          0          0        116   dcmpi.o
       688        140          0          0          0        256   ddiv.o
       120          4          0          0          0        140   deqf.o
        94          4          0          0          0        140   dfix.o
       120          4          0          0          0        152   dfixull.o
        84          0          0          0          0        232   dflt_clz.o
       138          0          0          0          0        132   dfltll_clz.o
       120          4          0          0          0        140   dleqf.o
       340         12          0          0          0        152   dmul.o
       156          4          0          0          0        140   dnaninf.o
        12          0          0          0          0        116   dretinf.o
       108          0          0          0          0        128   drleqf.o
       408         56          0          0          0        168   dsqrt_umaal.o
       140          4          0          0          0        132   fnaninf.o
        10          0          0          0          0        116   fpinit.o
        10          0          0          0          0        116   fretinf.o
        96          4          0          0          0        124   frnd.o
       100          0          0          0          0        116   retnan.o
        92          0          0          0          0        116   scalbn.o
        48          0          0          0          0        116   trapv.o
         0          0          0          0          0          0   usenofp.o
       744        106        152          0          0        352   atan.o
       496         64          0          0          0        192   atan2.o
       368         46         48          0          0        200   cos_i.o
       184         44          0          0          0        744   dunder.o
        44          0          0          0          0        248   fabs.o
        48          0          0          0          0        124   fpclassify.o
       964         92         56          0          0        316   log.o
       248          0          0          0          0        152   poly.o
      3152        296        136          0          0        352   pow.o
         0          0          8          0          0          0   qnan.o
       154          0          0          0          0        140   roundf.o
      1080        142        200          0          0        188   rred.o
       200         20          0          0          0        164   sin.o
       304         24         40          0          0        208   sin_i.o
       232          0          0          0          0        296   sqrt.o
       128         20          0          0          0        144   tan.o
       848         84         96          0          0        196   tan_i.o

    ----------------------------------------------------------------------
     14410       1240        736          0        324       9444   Library Totals
        46          4          0          0          0          0   (incl. Padding)

    ----------------------------------------------------------------------

      Code (inc. data)   RO Data    RW Data    ZI Data      Debug   Library Name

      1298         38          0          0        324       1668   c_w.l
      3872        260          0          0          0       3760   fz_wm.l
      9194        938        736          0          0       4016   m_wm.l

    ----------------------------------------------------------------------
     14410       1240        736          0        324       9444   Library Totals

    ----------------------------------------------------------------------

==============================================================================


      Code (inc. data)   RO Data    RW Data    ZI Data      Debug   

     57296       4312       1736       1336      32264    1175224   Grand Totals
     57296       4312       1736        272      32264    1175224   ELF Image Totals (compressed)
     57296       4312       1736        272          0          0   ROM Totals

==============================================================================

    Total RO  Size (Code + RO Data)                59032 (  57.65kB)
    Total RW  Size (RW Data + ZI Data)             33600 (  32.81kB)
    Total ROM Size (Code + RO Data + RW Data)      59304 (  57.91kB)

==============================================================================

